2026-08-13T13:10:34+00:00 INFO    [event=application.started] IPTV-API 版本: 3.0.0 (构建时间: 2026-08-07 11:45:59)
2026-08-13T13:10:34+00:00 INFO    [phase=prepare event=network.ipv6.checking] 🛜 正在检查当前网络是否支持IPv6...
2026-08-13T13:10:34+00:00 WARNING [phase=prepare event=network.ipv6.unsupported] 当前网络不支持IPv6，别担心，IPv6的结果会被保存下来
2026-08-13T13:10:34+00:00 INFO    [run=191c11b8e0fd4681accf1a35fbbac0c9 phase=prepare event=run.started] 性能模式: auto → balance，可用资源: 4.0 CPU / 15.61 GB，并发: 测速 8、媒体探测 2、源抓取 8
2026-08-13T13:10:34+00:00 INFO    [run=191c11b8e0fd4681accf1a35fbbac0c9 phase=prepare event=channels.catalog_loaded] 频道目录已加载：白名单 6，黑名单 11，台标 21
2026-08-13T13:10:34+00:00 INFO    [run=191c11b8e0fd4681accf1a35fbbac0c9 phase=fetch event=sources.subscribe.summary] 订阅源数量：8，订阅白名单数量：0，停用地址数量：13，有效总数量：8
2026-08-13T13:10:34+00:00 INFO    [run=191c11b8e0fd4681accf1a35fbbac0c9 phase=fetch event=progress.started] 正在进行获取订阅源  0/8
2026-08-13T13:10:35+00:00 INFO    [run=191c11b8e0fd4681accf1a35fbbac0c9 phase=fetch event=progress.updated] 正在进行获取订阅源  1/8 (12%)  剩余 7
2026-08-13T13:10:35+00:00 INFO    [run=191c11b8e0fd4681accf1a35fbbac0c9 phase=fetch event=progress.updated] 正在进行获取订阅源  2/8 (25%)  剩余 6
2026-08-13T13:10:35+00:00 INFO    [run=191c11b8e0fd4681accf1a35fbbac0c9 phase=fetch event=progress.updated] 正在进行获取订阅源  3/8 (37%)  剩余 5
2026-08-13T13:10:35+00:00 INFO    [run=191c11b8e0fd4681accf1a35fbbac0c9 phase=fetch event=progress.updated] 正在进行获取订阅源  4/8 (50%)  剩余 4
2026-08-13T13:10:35+00:00 INFO    [run=191c11b8e0fd4681accf1a35fbbac0c9 phase=fetch event=progress.updated] 正在进行获取订阅源  5/8 (62%)  剩余 3
2026-08-13T13:10:35+00:00 INFO    [run=191c11b8e0fd4681accf1a35fbbac0c9 phase=fetch event=progress.updated] 正在进行获取订阅源  6/8 (75%)  剩余 2
2026-08-13T13:10:35+00:00 INFO    [run=191c11b8e0fd4681accf1a35fbbac0c9 phase=fetch event=progress.updated] 正在进行获取订阅源  7/8 (87%)  剩余 1
2026-08-13T13:10:36+00:00 INFO    [run=191c11b8e0fd4681accf1a35fbbac0c9 phase=fetch event=progress.updated] 正在进行获取订阅源  8/8 (100%)  剩余 0
2026-08-13T13:10:36+00:00 INFO    [run=191c11b8e0fd4681accf1a35fbbac0c9 phase=fetch event=sources.subscribe.finished] 订阅源: ✅ 有效地址数量：8，⛔ 停用地址数量：0
2026-08-13T13:10:36+00:00 INFO    [run=191c11b8e0fd4681accf1a35fbbac0c9 phase=fetch event=sources.subscribe.epg_discovered] 📡 从订阅源中发现 1 个 EPG 地址
2026-08-13T13:10:36+00:00 INFO    [run=191c11b8e0fd4681accf1a35fbbac0c9 phase=fetch event=progress.finished] 正在进行获取订阅源  8/8  未匹配 2922
2026-08-13T13:10:36+00:00 INFO    [run=191c11b8e0fd4681accf1a35fbbac0c9 phase=fetch event=sources.epg.summary] EPG源数量：1，EPG白名单数量：0，停用地址数量：0，有效总数量：2
2026-08-13T13:10:36+00:00 INFO    [run=191c11b8e0fd4681accf1a35fbbac0c9 phase=fetch event=progress.started] 正在进行获取EPG源  0/2
2026-08-13T13:10:37+00:00 INFO    [run=191c11b8e0fd4681accf1a35fbbac0c9 phase=fetch event=epg.source_parsed] EPG 源解析完成：http://e.erw.cc/e.xml.gz，保留节目 8167 条
2026-08-13T13:10:37+00:00 INFO    [run=191c11b8e0fd4681accf1a35fbbac0c9 phase=fetch event=progress.updated] 正在进行获取EPG源  1/2 (50%)  剩余 1
2026-08-13T13:10:39+00:00 WARNING [run=191c11b8e0fd4681accf1a35fbbac0c9 phase=fetch event=request.retrying] 🔄 请求http://epg.51zmt.top:8000/e.xml失败，正在进行第1次重试...
2026-08-13T13:10:40+00:00 ERROR   [run=191c11b8e0fd4681accf1a35fbbac0c9 phase=fetch event=source.parse_failed] http://epg.51zmt.top:8000/e.xml 出错：❌ 请求http://epg.51zmt.top:8000/e.xml失败，已达到最大重试次数
2026-08-13T13:10:40+00:00 INFO    [run=191c11b8e0fd4681accf1a35fbbac0c9 phase=fetch event=progress.updated] 正在进行获取EPG源  2/2 (100%)  剩余 0
2026-08-13T13:10:40+00:00 INFO    [run=191c11b8e0fd4681accf1a35fbbac0c9 phase=fetch event=sources.epg.finished] EPG源: ✅ 有效地址数量：1，⛔ 停用地址数量：0
2026-08-13T13:10:40+00:00 INFO    [run=191c11b8e0fd4681accf1a35fbbac0c9 phase=fetch event=progress.finished] 正在进行获取EPG源  2/2  匹配 236 个频道
2026-08-13T13:12:42+00:00 INFO    [run=191c11b8e0fd4681accf1a35fbbac0c9 phase=aggregate event=channels.aggregated] 频道数据聚合完成：1483 个频道，2190 个接口（IPv4 1911 / IPv6 273）
2026-08-13T13:12:42+00:00 INFO    [run=191c11b8e0fd4681accf1a35fbbac0c9 phase=speed_test event=speed_test.planned] 总接口数量: 1958, 需要进行测速的接口数量: 1704
2026-08-13T13:12:42+00:00 INFO    [run=191c11b8e0fd4681accf1a35fbbac0c9 phase=speed_test event=progress.started] 测速  0/1704
2026-08-13T13:12:42+00:00 INFO    [run=191c11b8e0fd4681accf1a35fbbac0c9 phase=speed_test event=progress.updated] 测速  1/1704 (0%)  有效 0  失败 1  CCTV-1
2026-08-13T13:13:13+00:00 INFO    [run=191c11b8e0fd4681accf1a35fbbac0c9 phase=speed_test event=progress.updated] 测速  52/1704 (3%)  有效 11  失败 41  CCTV-2
2026-08-13T13:13:44+00:00 INFO    [run=191c11b8e0fd4681accf1a35fbbac0c9 phase=speed_test event=progress.updated] 测速  106/1704 (6%)  有效 19  失败 87  CCTV-4
2026-08-13T13:14:14+00:00 INFO    [run=191c11b8e0fd4681accf1a35fbbac0c9 phase=speed_test event=progress.updated] 测速  160/1704 (9%)  有效 24  失败 136  CCTV-5
2026-08-13T13:14:45+00:00 INFO    [run=191c11b8e0fd4681accf1a35fbbac0c9 phase=speed_test event=progress.updated] 测速  215/1704 (12%)  有效 39  失败 176  CCTV-8
2026-08-13T13:15:15+00:00 INFO    [run=191c11b8e0fd4681accf1a35fbbac0c9 phase=speed_test event=progress.updated] 测速  267/1704 (15%)  有效 55  失败 212  CCTV-9
2026-08-13T13:15:45+00:00 INFO    [run=191c11b8e0fd4681accf1a35fbbac0c9 phase=speed_test event=progress.updated] 测速  319/1704 (18%)  有效 66  失败 253  CCTV-11
2026-08-13T13:16:16+00:00 INFO    [run=191c11b8e0fd4681accf1a35fbbac0c9 phase=speed_test event=progress.updated] 测速  373/1704 (21%)  有效 73  失败 300  CCTV-13
2026-08-13T13:16:46+00:00 INFO    [run=191c11b8e0fd4681accf1a35fbbac0c9 phase=speed_test event=progress.updated] 测速  424/1704 (24%)  有效 84  失败 340  CCTV-15
2026-08-13T13:17:16+00:00 INFO    [run=191c11b8e0fd4681accf1a35fbbac0c9 phase=speed_test event=progress.updated] 测速  487/1704 (28%)  有效 97  失败 390  CETV-2
2026-08-13T13:17:46+00:00 INFO    [run=191c11b8e0fd4681accf1a35fbbac0c9 phase=speed_test event=progress.updated] 测速  542/1704 (31%)  有效 104  失败 438  广东卫视
2026-08-13T13:18:17+00:00 INFO    [run=191c11b8e0fd4681accf1a35fbbac0c9 phase=speed_test event=progress.updated] 测速  604/1704 (35%)  有效 125  失败 479  北京卫视
2026-08-13T13:18:47+00:00 INFO    [run=191c11b8e0fd4681accf1a35fbbac0c9 phase=speed_test event=progress.updated] 测速  661/1704 (38%)  有效 133  失败 528  安徽卫视
2026-08-13T13:19:18+00:00 INFO    [run=191c11b8e0fd4681accf1a35fbbac0c9 phase=speed_test event=progress.updated] 测速  725/1704 (42%)  有效 147  失败 578  东南卫视
2026-08-13T13:19:49+00:00 INFO    [run=191c11b8e0fd4681accf1a35fbbac0c9 phase=speed_test event=progress.updated] 测速  771/1704 (45%)  有效 152  失败 619  贵州卫视
2026-08-13T13:20:19+00:00 INFO    [run=191c11b8e0fd4681accf1a35fbbac0c9 phase=speed_test event=progress.updated] 测速  818/1704 (48%)  有效 156  失败 662  河北卫视
2026-08-13T13:20:49+00:00 INFO    [run=191c11b8e0fd4681accf1a35fbbac0c9 phase=speed_test event=progress.updated] 测速  874/1704 (51%)  有效 164  失败 710  吉林卫视
2026-08-13T13:21:19+00:00 INFO    [run=191c11b8e0fd4681accf1a35fbbac0c9 phase=speed_test event=progress.updated] 测速  924/1704 (54%)  有效 167  失败 757  江西卫视
2026-08-13T13:21:51+00:00 INFO    [run=191c11b8e0fd4681accf1a35fbbac0c9 phase=speed_test event=progress.updated] 测速  978/1704 (57%)  有效 171  失败 807  宁夏卫视
2026-08-13T13:22:22+00:00 INFO    [run=191c11b8e0fd4681accf1a35fbbac0c9 phase=speed_test event=progress.updated] 测速  1032/1704 (60%)  有效 180  失败 852  陕西卫视
2026-08-13T13:22:53+00:00 INFO    [run=191c11b8e0fd4681accf1a35fbbac0c9 phase=speed_test event=progress.updated] 测速  1074/1704 (63%)  有效 181  失败 893  深圳卫视
2026-08-13T13:23:24+00:00 INFO    [run=191c11b8e0fd4681accf1a35fbbac0c9 phase=speed_test event=progress.updated] 测速  1123/1704 (65%)  有效 189  失败 934  西藏卫视
2026-08-13T13:23:54+00:00 INFO    [run=191c11b8e0fd4681accf1a35fbbac0c9 phase=speed_test event=progress.updated] 测速  1170/1704 (68%)  有效 200  失败 970  河南电视剧
2026-08-13T13:24:24+00:00 INFO    [run=191c11b8e0fd4681accf1a35fbbac0c9 phase=speed_test event=progress.updated] 测速  1222/1704 (71%)  有效 205  失败 1017  大湾区卫视
2026-08-13T13:24:55+00:00 INFO    [run=191c11b8e0fd4681accf1a35fbbac0c9 phase=speed_test event=progress.updated] 测速  1260/1704 (73%)  有效 207  失败 1053  余姚姚江文化
2026-08-13T13:25:26+00:00 INFO    [run=191c11b8e0fd4681accf1a35fbbac0c9 phase=speed_test event=progress.updated] 测速  1340/1704 (78%)  有效 211  失败 1129  辽宁都市
2026-08-13T13:25:56+00:00 INFO    [run=191c11b8e0fd4681accf1a35fbbac0c9 phase=speed_test event=progress.updated] 测速  1385/1704 (81%)  有效 213  失败 1172  甘孜综合
2026-08-13T13:26:28+00:00 INFO    [run=191c11b8e0fd4681accf1a35fbbac0c9 phase=speed_test event=progress.updated] 测速  1436/1704 (84%)  有效 213  失败 1223  西和综合
2026-08-13T13:26:58+00:00 INFO    [run=191c11b8e0fd4681accf1a35fbbac0c9 phase=speed_test event=progress.updated] 测速  1476/1704 (86%)  有效 218  失败 1258  磐石综合
2026-08-13T13:27:29+00:00 INFO    [run=191c11b8e0fd4681accf1a35fbbac0c9 phase=speed_test event=progress.updated] 测速  1556/1704 (91%)  有效 221  失败 1335  2025年春晚
2026-08-13T13:27:59+00:00 INFO    [run=191c11b8e0fd4681accf1a35fbbac0c9 phase=speed_test event=progress.updated] 测速  1630/1704 (95%)  有效 227  失败 1403  睛彩广场舞
2026-08-13T13:28:22+00:00 INFO    [run=191c11b8e0fd4681accf1a35fbbac0c9 phase=speed_test event=speed_test.artifacts_written] 测速明细已写入 output/log/speed_test.log，有效结果已写入 output/log/result.log
2026-08-13T13:28:22+00:00 INFO    [run=191c11b8e0fd4681accf1a35fbbac0c9 phase=speed_test event=progress.finished] 测速  1704/1704  有效 239  失败 1441
2026-08-13T13:28:22+00:00 INFO    [run=191c11b8e0fd4681accf1a35fbbac0c9 phase=output event=output.written] 结果文件生成完成：更新 3 个文件
2026-08-13T13:28:22+00:00 INFO    [run=191c11b8e0fd4681accf1a35fbbac0c9 phase=statistics event=statistics.finished] 频道统计完成：测试 1680，有效 239
2026-08-13T13:28:22+00:00 INFO    [run=191c11b8e0fd4681accf1a35fbbac0c9 phase=complete event=run.summary] 更新摘要
2026-08-13T13:28:22+00:00 INFO    [run=191c11b8e0fd4681accf1a35fbbac0c9 phase=complete event=run.finished] 更新完成！总耗时：17:47
2026-08-25T15:03:54+00:00 INFO    [event=application.started] IPTV-API 版本: 3.0.0 (构建时间: 2026-08-07 11:45:59)
2026-08-25T15:03:54+00:00 INFO    [phase=prepare event=network.ipv6.checking] 🛜 正在检查当前网络是否支持IPv6...
2026-08-25T15:03:54+00:00 WARNING [phase=prepare event=network.ipv6.unsupported] 当前网络不支持IPv6，别担心，IPv6的结果会被保存下来
2026-08-25T15:03:54+00:00 INFO    [run=a42555addb884e4bb36e9a007eefa198 phase=prepare event=run.started] 性能模式: auto → balance，可用资源: 4.0 CPU / 15.61 GB，并发: 测速 8、媒体探测 2、源抓取 8
2026-08-25T15:03:54+00:00 INFO    [run=a42555addb884e4bb36e9a007eefa198 phase=prepare event=channels.catalog_loaded] 频道目录已加载：白名单 6，黑名单 11，台标 21
2026-08-25T15:03:54+00:00 INFO    [run=a42555addb884e4bb36e9a007eefa198 phase=fetch event=sources.subscribe.summary] 订阅源数量：8，订阅白名单数量：0，停用地址数量：13，有效总数量：8
2026-08-25T15:03:54+00:00 INFO    [run=a42555addb884e4bb36e9a007eefa198 phase=fetch event=progress.started] 正在进行获取订阅源  0/8
2026-08-25T15:03:55+00:00 INFO    [run=a42555addb884e4bb36e9a007eefa198 phase=fetch event=progress.updated] 正在进行获取订阅源  1/8 (12%)  剩余 7
2026-08-25T15:03:55+00:00 INFO    [run=a42555addb884e4bb36e9a007eefa198 phase=fetch event=progress.updated] 正在进行获取订阅源  2/8 (25%)  剩余 6
2026-08-25T15:03:55+00:00 INFO    [run=a42555addb884e4bb36e9a007eefa198 phase=fetch event=progress.updated] 正在进行获取订阅源  3/8 (37%)  剩余 5
2026-08-25T15:03:55+00:00 INFO    [run=a42555addb884e4bb36e9a007eefa198 phase=fetch event=progress.updated] 正在进行获取订阅源  4/8 (50%)  剩余 4
2026-08-25T15:03:55+00:00 INFO    [run=a42555addb884e4bb36e9a007eefa198 phase=fetch event=progress.updated] 正在进行获取订阅源  5/8 (62%)  剩余 3
2026-08-25T15:03:55+00:00 INFO    [run=a42555addb884e4bb36e9a007eefa198 phase=fetch event=progress.updated] 正在进行获取订阅源  6/8 (75%)  剩余 2
2026-08-25T15:03:55+00:00 INFO    [run=a42555addb884e4bb36e9a007eefa198 phase=fetch event=progress.updated] 正在进行获取订阅源  7/8 (87%)  剩余 1
2026-08-25T15:03:56+00:00 INFO    [run=a42555addb884e4bb36e9a007eefa198 phase=fetch event=progress.updated] 正在进行获取订阅源  8/8 (100%)  剩余 0
2026-08-25T15:03:56+00:00 INFO    [run=a42555addb884e4bb36e9a007eefa198 phase=fetch event=sources.subscribe.finished] 订阅源: ✅ 有效地址数量：8，⛔ 停用地址数量：0
2026-08-25T15:03:56+00:00 INFO    [run=a42555addb884e4bb36e9a007eefa198 phase=fetch event=sources.subscribe.epg_discovered] 📡 从订阅源中发现 1 个 EPG 地址
2026-08-25T15:03:56+00:00 INFO    [run=a42555addb884e4bb36e9a007eefa198 phase=fetch event=progress.finished] 正在进行获取订阅源  8/8  未匹配 2942
2026-08-25T15:03:56+00:00 INFO    [run=a42555addb884e4bb36e9a007eefa198 phase=fetch event=sources.epg.summary] EPG源数量：1，EPG白名单数量：0，停用地址数量：0，有效总数量：2
2026-08-25T15:03:56+00:00 INFO    [run=a42555addb884e4bb36e9a007eefa198 phase=fetch event=progress.started] 正在进行获取EPG源  0/2
2026-08-25T15:03:57+00:00 INFO    [run=a42555addb884e4bb36e9a007eefa198 phase=fetch event=epg.source_parsed] EPG 源解析完成：http://e.erw.cc/e.xml.gz，保留节目 8037 条
2026-08-25T15:03:57+00:00 INFO    [run=a42555addb884e4bb36e9a007eefa198 phase=fetch event=progress.updated] 正在进行获取EPG源  1/2 (50%)  剩余 1
2026-08-25T15:03:59+00:00 WARNING [run=a42555addb884e4bb36e9a007eefa198 phase=fetch event=request.retrying] 🔄 请求http://epg.51zmt.top:8000/e.xml失败，正在进行第1次重试...
2026-08-25T15:04:00+00:00 ERROR   [run=a42555addb884e4bb36e9a007eefa198 phase=fetch event=source.parse_failed] http://epg.51zmt.top:8000/e.xml 出错：❌ 请求http://epg.51zmt.top:8000/e.xml失败，已达到最大重试次数
2026-08-25T15:04:00+00:00 INFO    [run=a42555addb884e4bb36e9a007eefa198 phase=fetch event=progress.updated] 正在进行获取EPG源  2/2 (100%)  剩余 0
2026-08-25T15:04:00+00:00 INFO    [run=a42555addb884e4bb36e9a007eefa198 phase=fetch event=sources.epg.finished] EPG源: ✅ 有效地址数量：1，⛔ 停用地址数量：0
2026-08-25T15:04:00+00:00 INFO    [run=a42555addb884e4bb36e9a007eefa198 phase=fetch event=progress.finished] 正在进行获取EPG源  2/2  匹配 236 个频道
2026-08-25T15:05:51+00:00 INFO    [run=a42555addb884e4bb36e9a007eefa198 phase=aggregate event=channels.aggregated] 频道数据聚合完成：1483 个频道，1614 个接口（IPv4 1600 / IPv6 8）
2026-08-25T15:05:51+00:00 INFO    [run=a42555addb884e4bb36e9a007eefa198 phase=speed_test event=speed_test.planned] 总接口数量: 1433, 需要进行测速的接口数量: 1419
2026-08-25T15:05:51+00:00 INFO    [run=a42555addb884e4bb36e9a007eefa198 phase=speed_test event=progress.started] 测速  0/1419
2026-08-25T15:05:51+00:00 INFO    [run=a42555addb884e4bb36e9a007eefa198 phase=speed_test event=progress.updated] 测速  1/1419 (0%)  有效 0  失败 1  CCTV-1
2026-08-25T15:06:22+00:00 INFO    [run=a42555addb884e4bb36e9a007eefa198 phase=speed_test event=progress.updated] 测速  64/1419 (4%)  有效 14  失败 50  CCTV-3
2026-08-25T15:06:52+00:00 INFO    [run=a42555addb884e4bb36e9a007eefa198 phase=speed_test event=progress.updated] 测速  128/1419 (9%)  有效 29  失败 99  CCTV-5
2026-08-25T15:07:23+00:00 INFO    [run=a42555addb884e4bb36e9a007eefa198 phase=speed_test event=progress.updated] 测速  202/1419 (14%)  有效 53  失败 149  CCTV-8
2026-08-25T15:07:54+00:00 INFO    [run=a42555addb884e4bb36e9a007eefa198 phase=speed_test event=progress.updated] 测速  268/1419 (18%)  有效 65  失败 203  CCTV-11
2026-08-25T15:08:25+00:00 INFO    [run=a42555addb884e4bb36e9a007eefa198 phase=speed_test event=progress.updated] 测速  334/1419 (23%)  有效 77  失败 257  CCTV-13
2026-08-25T15:08:55+00:00 INFO    [run=a42555addb884e4bb36e9a007eefa198 phase=speed_test event=progress.updated] 测速  402/1419 (28%)  有效 90  失败 312  CETV-4
2026-08-25T15:09:25+00:00 INFO    [run=a42555addb884e4bb36e9a007eefa198 phase=speed_test event=progress.updated] 测速  465/1419 (32%)  有效 99  失败 366  湖南卫视
2026-08-25T15:09:55+00:00 INFO    [run=a42555addb884e4bb36e9a007eefa198 phase=speed_test event=progress.updated] 测速  539/1419 (37%)  有效 119  失败 420  安徽卫视
2026-08-25T15:10:26+00:00 INFO    [run=a42555addb884e4bb36e9a007eefa198 phase=speed_test event=progress.updated] 测速  598/1419 (42%)  有效 132  失败 466  东南卫视
2026-08-25T15:10:57+00:00 INFO    [run=a42555addb884e4bb36e9a007eefa198 phase=speed_test event=progress.updated] 测速  651/1419 (45%)  有效 134  失败 517  河北卫视
2026-08-25T15:11:27+00:00 INFO    [run=a42555addb884e4bb36e9a007eefa198 phase=speed_test event=progress.updated] 测速  717/1419 (50%)  有效 143  失败 574  江西卫视
2026-08-25T15:11:58+00:00 INFO    [run=a42555addb884e4bb36e9a007eefa198 phase=speed_test event=progress.updated] 测速  781/1419 (55%)  有效 149  失败 632  青海卫视
2026-08-25T15:12:28+00:00 INFO    [run=a42555addb884e4bb36e9a007eefa198 phase=speed_test event=progress.updated] 测速  837/1419 (58%)  有效 158  失败 679  深圳卫视
2026-08-25T15:12:59+00:00 INFO    [run=a42555addb884e4bb36e9a007eefa198 phase=speed_test event=progress.updated] 测速  897/1419 (63%)  有效 166  失败 731  新疆卫视
2026-08-25T15:13:30+00:00 INFO    [run=a42555addb884e4bb36e9a007eefa198 phase=speed_test event=progress.updated] 测速  958/1419 (67%)  有效 168  失败 790  广东民生
2026-08-25T15:14:02+00:00 INFO    [run=a42555addb884e4bb36e9a007eefa198 phase=speed_test event=progress.updated] 测速  998/1419 (70%)  有效 169  失败 829  平湖民生休闲
2026-08-25T15:14:32+00:00 INFO    [run=a42555addb884e4bb36e9a007eefa198 phase=speed_test event=progress.updated] 测速  1064/1419 (74%)  有效 169  失败 895  哈哈炫动
2026-08-25T15:15:02+00:00 INFO    [run=a42555addb884e4bb36e9a007eefa198 phase=speed_test event=progress.updated] 测速  1120/1419 (78%)  有效 173  失败 947  湖北公共新闻
2026-08-25T15:15:32+00:00 INFO    [run=a42555addb884e4bb36e9a007eefa198 phase=speed_test event=progress.updated] 测速  1176/1419 (82%)  有效 174  失败 1002  定西综合
2026-08-25T15:16:04+00:00 INFO    [run=a42555addb884e4bb36e9a007eefa198 phase=speed_test event=progress.updated] 测速  1233/1419 (86%)  有效 176  失败 1057  哈尔滨新闻综合
2026-08-25T15:16:34+00:00 INFO    [run=a42555addb884e4bb36e9a007eefa198 phase=speed_test event=progress.updated] 测速  1295/1419 (91%)  有效 178  失败 1117  翡翠台
2026-08-25T15:17:04+00:00 INFO    [run=a42555addb884e4bb36e9a007eefa198 phase=speed_test event=progress.updated] 测速  1376/1419 (96%)  有效 183  失败 1193  快乐垂钓
2026-08-25T15:17:21+00:00 INFO    [run=a42555addb884e4bb36e9a007eefa198 phase=speed_test event=speed_test.artifacts_written] 测速明细已写入 output/log/speed_test.log，有效结果已写入 output/log/result.log
2026-08-25T15:17:21+00:00 INFO    [run=a42555addb884e4bb36e9a007eefa198 phase=speed_test event=progress.finished] 测速  1419/1419  有效 193  失败 1221
2026-08-25T15:17:21+00:00 INFO    [run=a42555addb884e4bb36e9a007eefa198 phase=output event=output.written] 结果文件生成完成：更新 3 个文件
2026-08-25T15:17:21+00:00 INFO    [run=a42555addb884e4bb36e9a007eefa198 phase=statistics event=statistics.finished] 频道统计完成：测试 1414，有效 193
2026-08-25T15:17:21+00:00 INFO    [run=a42555addb884e4bb36e9a007eefa198 phase=complete event=run.summary] 更新摘要
2026-08-25T15:17:21+00:00 INFO    [run=a42555addb884e4bb36e9a007eefa198 phase=complete event=run.finished] 更新完成！总耗时：13:27
2026-09-09T09:08:31+00:00 INFO    [event=application.started] IPTV-API 版本: 3.0.0 (构建时间: 2026-08-07 11:45:59)
2026-09-09T09:08:31+00:00 INFO    [phase=prepare event=network.ipv6.checking] 🛜 正在检查当前网络是否支持IPv6...
2026-09-09T09:08:32+00:00 WARNING [phase=prepare event=network.ipv6.unsupported] 当前网络不支持IPv6，别担心，IPv6的结果会被保存下来
2026-09-09T09:08:32+00:00 INFO    [run=29a5b909784841e09cca89ad7e177f62 phase=prepare event=run.started] 性能模式: auto → balance，可用资源: 4.0 CPU / 15.61 GB，并发: 测速 8、媒体探测 2、源抓取 8
2026-09-09T09:08:32+00:00 INFO    [run=29a5b909784841e09cca89ad7e177f62 phase=prepare event=channels.catalog_loaded] 频道目录已加载：白名单 6，黑名单 12，台标 21
2026-09-09T09:08:32+00:00 INFO    [run=29a5b909784841e09cca89ad7e177f62 phase=fetch event=sources.subscribe.summary] 订阅源数量：9，订阅白名单数量：0，停用地址数量：13，有效总数量：9
2026-09-09T09:08:32+00:00 INFO    [run=29a5b909784841e09cca89ad7e177f62 phase=fetch event=progress.started] 正在进行获取订阅源  0/9
2026-09-09T09:08:33+00:00 INFO    [run=29a5b909784841e09cca89ad7e177f62 phase=fetch event=progress.updated] 正在进行获取订阅源  1/9 (11%)  剩余 8
2026-09-09T09:08:33+00:00 INFO    [run=29a5b909784841e09cca89ad7e177f62 phase=fetch event=progress.updated] 正在进行获取订阅源  2/9 (22%)  剩余 7
2026-09-09T09:08:33+00:00 INFO    [run=29a5b909784841e09cca89ad7e177f62 phase=fetch event=progress.updated] 正在进行获取订阅源  3/9 (33%)  剩余 6
2026-09-09T09:08:33+00:00 INFO    [run=29a5b909784841e09cca89ad7e177f62 phase=fetch event=progress.updated] 正在进行获取订阅源  4/9 (44%)  剩余 5
2026-09-09T09:08:33+00:00 INFO    [run=29a5b909784841e09cca89ad7e177f62 phase=fetch event=progress.updated] 正在进行获取订阅源  5/9 (55%)  剩余 4
2026-09-09T09:08:33+00:00 INFO    [run=29a5b909784841e09cca89ad7e177f62 phase=fetch event=progress.updated] 正在进行获取订阅源  6/9 (66%)  剩余 3
2026-09-09T09:08:33+00:00 INFO    [run=29a5b909784841e09cca89ad7e177f62 phase=fetch event=progress.updated] 正在进行获取订阅源  7/9 (77%)  剩余 2
2026-09-09T09:08:33+00:00 INFO    [run=29a5b909784841e09cca89ad7e177f62 phase=fetch event=progress.updated] 正在进行获取订阅源  8/9 (88%)  剩余 1
2026-09-09T09:08:34+00:00 INFO    [run=29a5b909784841e09cca89ad7e177f62 phase=fetch event=progress.updated] 正在进行获取订阅源  9/9 (100%)  剩余 0
2026-09-09T09:08:34+00:00 INFO    [run=29a5b909784841e09cca89ad7e177f62 phase=fetch event=sources.subscribe.finished] 订阅源: ✅ 有效地址数量：9，⛔ 停用地址数量：0
2026-09-09T09:08:34+00:00 INFO    [run=29a5b909784841e09cca89ad7e177f62 phase=fetch event=sources.subscribe.epg_discovered] 📡 从订阅源中发现 1 个 EPG 地址
2026-09-09T09:08:34+00:00 INFO    [run=29a5b909784841e09cca89ad7e177f62 phase=fetch event=progress.finished] 正在进行获取订阅源  9/9  未匹配 4216
2026-09-09T09:08:35+00:00 INFO    [run=29a5b909784841e09cca89ad7e177f62 phase=fetch event=sources.epg.summary] EPG源数量：1，EPG白名单数量：0，停用地址数量：0，有效总数量：2
2026-09-09T09:08:35+00:00 INFO    [run=29a5b909784841e09cca89ad7e177f62 phase=fetch event=progress.started] 正在进行获取EPG源  0/2
2026-09-09T09:08:36+00:00 INFO    [run=29a5b909784841e09cca89ad7e177f62 phase=fetch event=epg.source_parsed] EPG 源解析完成：http://e.erw.cc/e.xml.gz，保留节目 8066 条
2026-09-09T09:08:36+00:00 INFO    [run=29a5b909784841e09cca89ad7e177f62 phase=fetch event=progress.updated] 正在进行获取EPG源  1/2 (50%)  剩余 1
2026-09-09T09:08:38+00:00 WARNING [run=29a5b909784841e09cca89ad7e177f62 phase=fetch event=request.retrying] 🔄 请求http://epg.51zmt.top:8000/e.xml失败，正在进行第1次重试...
2026-09-09T09:08:38+00:00 ERROR   [run=29a5b909784841e09cca89ad7e177f62 phase=fetch event=source.parse_failed] http://epg.51zmt.top:8000/e.xml 出错：❌ 请求http://epg.51zmt.top:8000/e.xml失败，已达到最大重试次数
2026-09-09T09:08:38+00:00 INFO    [run=29a5b909784841e09cca89ad7e177f62 phase=fetch event=progress.updated] 正在进行获取EPG源  2/2 (100%)  剩余 0
2026-09-09T09:08:38+00:00 INFO    [run=29a5b909784841e09cca89ad7e177f62 phase=fetch event=sources.epg.finished] EPG源: ✅ 有效地址数量：1，⛔ 停用地址数量：0
2026-09-09T09:08:38+00:00 INFO    [run=29a5b909784841e09cca89ad7e177f62 phase=fetch event=progress.finished] 正在进行获取EPG源  2/2  匹配 235 个频道
2026-09-09T09:10:31+00:00 INFO    [run=29a5b909784841e09cca89ad7e177f62 phase=aggregate event=channels.aggregated] 频道数据聚合完成：1483 个频道，2403 个接口（IPv4 2267 / IPv6 130）
2026-09-09T09:10:31+00:00 INFO    [run=29a5b909784841e09cca89ad7e177f62 phase=speed_test event=speed_test.planned] 总接口数量: 2167, 需要进行测速的接口数量: 2031
2026-09-09T09:10:31+00:00 INFO    [run=29a5b909784841e09cca89ad7e177f62 phase=speed_test event=progress.started] 测速  0/2031
2026-09-09T09:10:32+00:00 INFO    [run=29a5b909784841e09cca89ad7e177f62 phase=speed_test event=progress.updated] 测速  1/2031 (0%)  有效 0  失败 1  CCTV-1
2026-09-09T09:11:02+00:00 INFO    [run=29a5b909784841e09cca89ad7e177f62 phase=speed_test event=progress.updated] 测速  58/2031 (2%)  有效 14  失败 44  CCTV-3
2026-09-09T09:11:34+00:00 INFO    [run=29a5b909784841e09cca89ad7e177f62 phase=speed_test event=progress.updated] 测速  113/2031 (5%)  有效 24  失败 89  CCTV-4
2026-09-09T09:12:04+00:00 INFO    [run=29a5b909784841e09cca89ad7e177f62 phase=speed_test event=progress.updated] 测速  172/2031 (8%)  有效 39  失败 133  CCTV-6
2026-09-09T09:12:35+00:00 INFO    [run=29a5b909784841e09cca89ad7e177f62 phase=speed_test event=progress.updated] 测速  226/2031 (11%)  有效 50  失败 176  CCTV-9
2026-09-09T09:13:05+00:00 INFO    [run=29a5b909784841e09cca89ad7e177f62 phase=speed_test event=progress.updated] 测速  287/2031 (14%)  有效 58  失败 229  CCTV-11
2026-09-09T09:13:35+00:00 INFO    [run=29a5b909784841e09cca89ad7e177f62 phase=speed_test event=progress.updated] 测速  337/2031 (16%)  有效 63  失败 274  CCTV-12
2026-09-09T09:14:06+00:00 INFO    [run=29a5b909784841e09cca89ad7e177f62 phase=speed_test event=progress.updated] 测速  394/2031 (19%)  有效 73  失败 321  CCTV-15
2026-09-09T09:14:38+00:00 INFO    [run=29a5b909784841e09cca89ad7e177f62 phase=speed_test event=progress.updated] 测速  445/2031 (21%)  有效 76  失败 369  CCTV-17
2026-09-09T09:15:08+00:00 INFO    [run=29a5b909784841e09cca89ad7e177f62 phase=speed_test event=progress.updated] 测速  502/2031 (24%)  有效 80  失败 422  广东卫视
2026-09-09T09:15:38+00:00 INFO    [run=29a5b909784841e09cca89ad7e177f62 phase=speed_test event=progress.updated] 测速  552/2031 (27%)  有效 87  失败 465  北京卫视
2026-09-09T09:16:10+00:00 INFO    [run=29a5b909784841e09cca89ad7e177f62 phase=speed_test event=progress.updated] 测速  605/2031 (29%)  有效 93  失败 512  湖北卫视
2026-09-09T09:16:40+00:00 INFO    [run=29a5b909784841e09cca89ad7e177f62 phase=speed_test event=progress.updated] 测速  661/2031 (32%)  有效 99  失败 562  安徽卫视
2026-09-09T09:17:10+00:00 INFO    [run=29a5b909784841e09cca89ad7e177f62 phase=speed_test event=progress.updated] 测速  713/2031 (35%)  有效 104  失败 609  东南卫视
2026-09-09T09:17:41+00:00 INFO    [run=29a5b909784841e09cca89ad7e177f62 phase=speed_test event=progress.updated] 测速  747/2031 (36%)  有效 104  失败 643  广西卫视
2026-09-09T09:18:11+00:00 INFO    [run=29a5b909784841e09cca89ad7e177f62 phase=speed_test event=progress.updated] 测速  795/2031 (39%)  有效 105  失败 690  海南卫视
2026-09-09T09:18:42+00:00 INFO    [run=29a5b909784841e09cca89ad7e177f62 phase=speed_test event=progress.updated] 测速  848/2031 (41%)  有效 107  失败 741  吉林卫视
2026-09-09T09:19:14+00:00 INFO    [run=29a5b909784841e09cca89ad7e177f62 phase=speed_test event=progress.updated] 测速  902/2031 (44%)  有效 110  失败 792  江西卫视
2026-09-09T09:19:45+00:00 INFO    [run=29a5b909784841e09cca89ad7e177f62 phase=speed_test event=progress.updated] 测速  953/2031 (46%)  有效 112  失败 841  宁夏卫视
2026-09-09T09:20:16+00:00 INFO    [run=29a5b909784841e09cca89ad7e177f62 phase=speed_test event=progress.updated] 测速  995/2031 (48%)  有效 115  失败 880  陕西卫视
2026-09-09T09:20:47+00:00 INFO    [run=29a5b909784841e09cca89ad7e177f62 phase=speed_test event=progress.updated] 测速  1039/2031 (51%)  有效 117  失败 922  四川卫视
2026-09-09T09:21:17+00:00 INFO    [run=29a5b909784841e09cca89ad7e177f62 phase=speed_test event=progress.updated] 测速  1091/2031 (53%)  有效 120  失败 971  天津卫视
2026-09-09T09:21:47+00:00 INFO    [run=29a5b909784841e09cca89ad7e177f62 phase=speed_test event=progress.updated] 测速  1141/2031 (56%)  有效 125  失败 1016  河南新闻
2026-09-09T09:22:19+00:00 INFO    [run=29a5b909784841e09cca89ad7e177f62 phase=speed_test event=progress.updated] 测速  1204/2031 (59%)  有效 128  失败 1076  大湾区卫视
2026-09-09T09:22:50+00:00 INFO    [run=29a5b909784841e09cca89ad7e177f62 phase=speed_test event=progress.updated] 测速  1246/2031 (61%)  有效 130  失败 1116  龙游新闻综合
2026-09-09T09:23:20+00:00 INFO    [run=29a5b909784841e09cca89ad7e177f62 phase=speed_test event=progress.updated] 测速  1283/2031 (63%)  有效 130  失败 1153  余姚综合
2026-09-09T09:23:50+00:00 INFO    [run=29a5b909784841e09cca89ad7e177f62 phase=speed_test event=progress.updated] 测速  1349/2031 (66%)  有效 131  失败 1218  璧山综合
2026-09-09T09:24:20+00:00 INFO    [run=29a5b909784841e09cca89ad7e177f62 phase=speed_test event=progress.updated] 测速  1419/2031 (69%)  有效 132  失败 1287  湖南电视剧
2026-09-09T09:24:51+00:00 INFO    [run=29a5b909784841e09cca89ad7e177f62 phase=speed_test event=progress.updated] 测速  1475/2031 (72%)  有效 132  失败 1343  湖北生活
2026-09-09T09:25:22+00:00 INFO    [run=29a5b909784841e09cca89ad7e177f62 phase=speed_test event=progress.updated] 测速  1512/2031 (74%)  有效 134  失败 1378  东兴综合
2026-09-09T09:25:53+00:00 INFO    [run=29a5b909784841e09cca89ad7e177f62 phase=speed_test event=progress.updated] 测速  1540/2031 (75%)  有效 135  失败 1405  宜宾公共
2026-09-09T09:26:23+00:00 INFO    [run=29a5b909784841e09cca89ad7e177f62 phase=speed_test event=progress.updated] 测速  1569/2031 (77%)  有效 135  失败 1434  朝天综合
2026-09-09T09:26:54+00:00 INFO    [run=29a5b909784841e09cca89ad7e177f62 phase=speed_test event=progress.updated] 测速  1597/2031 (78%)  有效 135  失败 1462  长宁综合
2026-09-09T09:27:26+00:00 INFO    [run=29a5b909784841e09cca89ad7e177f62 phase=speed_test event=progress.updated] 测速  1643/2031 (80%)  有效 138  失败 1505  嘉峪关综合
2026-09-09T09:27:56+00:00 INFO    [run=29a5b909784841e09cca89ad7e177f62 phase=speed_test event=progress.updated] 测速  1676/2031 (82%)  有效 139  失败 1537  济南都市
2026-09-09T09:28:26+00:00 INFO    [run=29a5b909784841e09cca89ad7e177f62 phase=speed_test event=progress.updated] 测速  1727/2031 (85%)  有效 142  失败 1585  延边卫视
2026-09-09T09:28:57+00:00 INFO    [run=29a5b909784841e09cca89ad7e177f62 phase=speed_test event=progress.updated] 测速  1782/2031 (87%)  有效 144  失败 1638  西宁新闻综合
2026-09-09T09:29:27+00:00 INFO    [run=29a5b909784841e09cca89ad7e177f62 phase=speed_test event=progress.updated] 测速  1850/2031 (91%)  有效 147  失败 1703  翡翠台
2026-09-09T09:29:57+00:00 INFO    [run=29a5b909784841e09cca89ad7e177f62 phase=speed_test event=progress.updated] 测速  1905/2031 (93%)  有效 153  失败 1752  淘娱乐
2026-09-09T09:30:28+00:00 INFO    [run=29a5b909784841e09cca89ad7e177f62 phase=speed_test event=progress.updated] 测速  2005/2031 (98%)  有效 160  失败 1845  封神榜
2026-09-09T09:30:35+00:00 INFO    [run=29a5b909784841e09cca89ad7e177f62 phase=speed_test event=speed_test.artifacts_written] 测速明细已写入 output/log/speed_test.log，有效结果已写入 output/log/result.log
2026-09-09T09:30:35+00:00 INFO    [run=29a5b909784841e09cca89ad7e177f62 phase=speed_test event=progress.finished] 测速  2031/2031  有效 160  失败 1862
2026-09-09T09:30:35+00:00 INFO    [run=29a5b909784841e09cca89ad7e177f62 phase=output event=output.written] 结果文件生成完成：更新 3 个文件
2026-09-09T09:30:35+00:00 INFO    [run=29a5b909784841e09cca89ad7e177f62 phase=statistics event=statistics.finished] 频道统计完成：测试 2022，有效 160
2026-09-09T09:30:35+00:00 INFO    [run=29a5b909784841e09cca89ad7e177f62 phase=complete event=run.summary] 更新摘要
2026-09-09T09:30:35+00:00 INFO    [run=29a5b909784841e09cca89ad7e177f62 phase=complete event=run.finished] 更新完成！总耗时：22:03
2026-09-10T00:25:11+00:00 INFO    [event=application.started] IPTV-API 版本: 3.0.0 (构建时间: 2026-08-07 11:45:59)
2026-09-10T00:25:11+00:00 INFO    [phase=prepare event=network.ipv6.checking] 🛜 正在检查当前网络是否支持IPv6...
2026-09-10T00:25:11+00:00 WARNING [phase=prepare event=network.ipv6.unsupported] 当前网络不支持IPv6，别担心，IPv6的结果会被保存下来
2026-09-10T00:25:11+00:00 INFO    [run=ab75fa2b34f4469bb7b3d733f8e34171 phase=prepare event=run.started] 性能模式: auto → balance，可用资源: 4.0 CPU / 15.62 GB，并发: 测速 8、媒体探测 2、源抓取 8
2026-09-10T00:25:11+00:00 INFO    [run=ab75fa2b34f4469bb7b3d733f8e34171 phase=prepare event=channels.catalog_loaded] 频道目录已加载：白名单 6，黑名单 14，台标 21
2026-09-10T00:25:11+00:00 INFO    [run=ab75fa2b34f4469bb7b3d733f8e34171 phase=fetch event=sources.subscribe.summary] 订阅源数量：9，订阅白名单数量：0，停用地址数量：13，有效总数量：9
2026-09-10T00:25:11+00:00 INFO    [run=ab75fa2b34f4469bb7b3d733f8e34171 phase=fetch event=progress.started] 正在进行获取订阅源  0/9
2026-09-10T00:25:12+00:00 INFO    [run=ab75fa2b34f4469bb7b3d733f8e34171 phase=fetch event=progress.updated] 正在进行获取订阅源  1/9 (11%)  剩余 8
2026-09-10T00:25:12+00:00 INFO    [run=ab75fa2b34f4469bb7b3d733f8e34171 phase=fetch event=progress.updated] 正在进行获取订阅源  2/9 (22%)  剩余 7
2026-09-10T00:25:12+00:00 INFO    [run=ab75fa2b34f4469bb7b3d733f8e34171 phase=fetch event=progress.updated] 正在进行获取订阅源  3/9 (33%)  剩余 6
2026-09-10T00:25:12+00:00 INFO    [run=ab75fa2b34f4469bb7b3d733f8e34171 phase=fetch event=progress.updated] 正在进行获取订阅源  4/9 (44%)  剩余 5
2026-09-10T00:25:12+00:00 INFO    [run=ab75fa2b34f4469bb7b3d733f8e34171 phase=fetch event=progress.updated] 正在进行获取订阅源  5/9 (55%)  剩余 4
2026-09-10T00:25:12+00:00 INFO    [run=ab75fa2b34f4469bb7b3d733f8e34171 phase=fetch event=progress.updated] 正在进行获取订阅源  6/9 (66%)  剩余 3
2026-09-10T00:25:13+00:00 INFO    [run=ab75fa2b34f4469bb7b3d733f8e34171 phase=fetch event=progress.updated] 正在进行获取订阅源  7/9 (77%)  剩余 2
2026-09-10T00:25:13+00:00 INFO    [run=ab75fa2b34f4469bb7b3d733f8e34171 phase=fetch event=progress.updated] 正在进行获取订阅源  8/9 (88%)  剩余 1
2026-09-10T00:25:14+00:00 INFO    [run=ab75fa2b34f4469bb7b3d733f8e34171 phase=fetch event=progress.updated] 正在进行获取订阅源  9/9 (100%)  剩余 0
2026-09-10T00:25:14+00:00 INFO    [run=ab75fa2b34f4469bb7b3d733f8e34171 phase=fetch event=sources.subscribe.finished] 订阅源: ✅ 有效地址数量：9，⛔ 停用地址数量：0
2026-09-10T00:25:14+00:00 INFO    [run=ab75fa2b34f4469bb7b3d733f8e34171 phase=fetch event=sources.subscribe.epg_discovered] 📡 从订阅源中发现 1 个 EPG 地址
2026-09-10T00:25:14+00:00 INFO    [run=ab75fa2b34f4469bb7b3d733f8e34171 phase=fetch event=progress.finished] 正在进行获取订阅源  9/9  未匹配 4216
2026-09-10T00:25:14+00:00 INFO    [run=ab75fa2b34f4469bb7b3d733f8e34171 phase=fetch event=sources.epg.summary] EPG源数量：1，EPG白名单数量：0，停用地址数量：0，有效总数量：2
2026-09-10T00:25:14+00:00 INFO    [run=ab75fa2b34f4469bb7b3d733f8e34171 phase=fetch event=progress.started] 正在进行获取EPG源  0/2
2026-09-10T00:25:15+00:00 INFO    [run=ab75fa2b34f4469bb7b3d733f8e34171 phase=fetch event=epg.source_parsed] EPG 源解析完成：http://e.erw.cc/e.xml.gz，保留节目 8232 条
2026-09-10T00:25:15+00:00 INFO    [run=ab75fa2b34f4469bb7b3d733f8e34171 phase=fetch event=progress.updated] 正在进行获取EPG源  1/2 (50%)  剩余 1
2026-09-10T00:25:16+00:00 WARNING [run=ab75fa2b34f4469bb7b3d733f8e34171 phase=fetch event=request.retrying] 🔄 请求http://epg.51zmt.top:8000/e.xml失败，正在进行第1次重试...
2026-09-10T00:25:17+00:00 ERROR   [run=ab75fa2b34f4469bb7b3d733f8e34171 phase=fetch event=source.parse_failed] http://epg.51zmt.top:8000/e.xml 出错：❌ 请求http://epg.51zmt.top:8000/e.xml失败，已达到最大重试次数
2026-09-10T00:25:17+00:00 INFO    [run=ab75fa2b34f4469bb7b3d733f8e34171 phase=fetch event=progress.updated] 正在进行获取EPG源  2/2 (100%)  剩余 0
2026-09-10T00:25:17+00:00 INFO    [run=ab75fa2b34f4469bb7b3d733f8e34171 phase=fetch event=sources.epg.finished] EPG源: ✅ 有效地址数量：1，⛔ 停用地址数量：0
2026-09-10T00:25:17+00:00 INFO    [run=ab75fa2b34f4469bb7b3d733f8e34171 phase=fetch event=progress.finished] 正在进行获取EPG源  2/2  匹配 235 个频道
2026-09-10T00:26:56+00:00 INFO    [run=ab75fa2b34f4469bb7b3d733f8e34171 phase=aggregate event=channels.aggregated] 频道数据聚合完成：1483 个频道，2177 个接口（IPv4 2159 / IPv6 12）
2026-09-10T00:26:57+00:00 INFO    [run=ab75fa2b34f4469bb7b3d733f8e34171 phase=speed_test event=speed_test.planned] 总接口数量: 1954, 需要进行测速的接口数量: 1936
2026-09-10T00:26:57+00:00 INFO    [run=ab75fa2b34f4469bb7b3d733f8e34171 phase=speed_test event=progress.started] 测速  0/1936
2026-09-10T00:26:57+00:00 INFO    [run=ab75fa2b34f4469bb7b3d733f8e34171 phase=speed_test event=progress.updated] 测速  1/1936 (0%)  有效 0  失败 1  CCTV-1
2026-09-10T00:27:29+00:00 INFO    [run=ab75fa2b34f4469bb7b3d733f8e34171 phase=speed_test event=progress.updated] 测速  53/1936 (2%)  有效 6  失败 47  CCTV-2
2026-09-10T00:28:00+00:00 INFO    [run=ab75fa2b34f4469bb7b3d733f8e34171 phase=speed_test event=progress.updated] 测速  104/1936 (5%)  有效 12  失败 92  CCTV-4
2026-09-10T00:28:30+00:00 INFO    [run=ab75fa2b34f4469bb7b3d733f8e34171 phase=speed_test event=progress.updated] 测速  162/1936 (8%)  有效 22  失败 140  CCTV-6
2026-09-10T00:29:01+00:00 INFO    [run=ab75fa2b34f4469bb7b3d733f8e34171 phase=speed_test event=progress.updated] 测速  213/1936 (11%)  有效 29  失败 184  CCTV-8
2026-09-10T00:29:31+00:00 INFO    [run=ab75fa2b34f4469bb7b3d733f8e34171 phase=speed_test event=progress.updated] 测速  273/1936 (14%)  有效 33  失败 240  CCTV-11
2026-09-10T00:30:01+00:00 INFO    [run=ab75fa2b34f4469bb7b3d733f8e34171 phase=speed_test event=progress.updated] 测速  323/1936 (16%)  有效 35  失败 288  CCTV-13
2026-09-10T00:30:33+00:00 INFO    [run=ab75fa2b34f4469bb7b3d733f8e34171 phase=speed_test event=progress.updated] 测速  374/1936 (19%)  有效 40  失败 334  CCTV-15
2026-09-10T00:31:03+00:00 INFO    [run=ab75fa2b34f4469bb7b3d733f8e34171 phase=speed_test event=progress.updated] 测速  428/1936 (22%)  有效 42  失败 386  CCTV-5+
2026-09-10T00:31:36+00:00 INFO    [run=ab75fa2b34f4469bb7b3d733f8e34171 phase=speed_test event=progress.updated] 测速  485/1936 (25%)  有效 43  失败 442  浙江卫视
2026-09-10T00:32:09+00:00 INFO    [run=ab75fa2b34f4469bb7b3d733f8e34171 phase=speed_test event=progress.updated] 测速  536/1936 (27%)  有效 50  失败 486  北京卫视
2026-09-10T00:32:39+00:00 INFO    [run=ab75fa2b34f4469bb7b3d733f8e34171 phase=speed_test event=progress.updated] 测速  589/1936 (30%)  有效 53  失败 536  黑龙江卫视
2026-09-10T00:33:10+00:00 INFO    [run=ab75fa2b34f4469bb7b3d733f8e34171 phase=speed_test event=progress.updated] 测速  641/1936 (33%)  有效 56  失败 585  东方卫视
2026-09-10T00:33:40+00:00 INFO    [run=ab75fa2b34f4469bb7b3d733f8e34171 phase=speed_test event=progress.updated] 测速  683/1936 (35%)  有效 56  失败 627  甘肃卫视
2026-09-10T00:34:10+00:00 INFO    [run=ab75fa2b34f4469bb7b3d733f8e34171 phase=speed_test event=progress.updated] 测速  730/1936 (37%)  有效 57  失败 673  河北卫视
2026-09-10T00:34:41+00:00 INFO    [run=ab75fa2b34f4469bb7b3d733f8e34171 phase=speed_test event=progress.updated] 测速  775/1936 (40%)  有效 57  失败 718  河南卫视
2026-09-10T00:35:12+00:00 INFO    [run=ab75fa2b34f4469bb7b3d733f8e34171 phase=speed_test event=progress.updated] 测速  834/1936 (43%)  有效 59  失败 775  江西卫视
2026-09-10T00:35:43+00:00 INFO    [run=ab75fa2b34f4469bb7b3d733f8e34171 phase=speed_test event=progress.updated] 测速  886/1936 (45%)  有效 62  失败 824  青海卫视
2026-09-10T00:36:15+00:00 INFO    [run=ab75fa2b34f4469bb7b3d733f8e34171 phase=speed_test event=progress.updated] 测速  927/1936 (47%)  有效 62  失败 865  山西卫视
2026-09-10T00:36:47+00:00 INFO    [run=ab75fa2b34f4469bb7b3d733f8e34171 phase=speed_test event=progress.updated] 测速  970/1936 (50%)  有效 63  失败 907  四川卫视
2026-09-10T00:37:17+00:00 INFO    [run=ab75fa2b34f4469bb7b3d733f8e34171 phase=speed_test event=progress.updated] 测速  1025/1936 (52%)  有效 65  失败 960  天津卫视
2026-09-10T00:37:47+00:00 INFO    [run=ab75fa2b34f4469bb7b3d733f8e34171 phase=speed_test event=progress.updated] 测速  1072/1936 (55%)  有效 67  失败 1005  文物宝库
2026-09-10T00:38:18+00:00 INFO    [run=ab75fa2b34f4469bb7b3d733f8e34171 phase=speed_test event=progress.updated] 测速  1130/1936 (58%)  有效 69  失败 1061  大湾区卫视
2026-09-10T00:38:48+00:00 INFO    [run=ab75fa2b34f4469bb7b3d733f8e34171 phase=speed_test event=progress.updated] 测速  1175/1936 (60%)  有效 72  失败 1103  萧山新闻综合
2026-09-10T00:39:19+00:00 INFO    [run=ab75fa2b34f4469bb7b3d733f8e34171 phase=speed_test event=progress.updated] 测速  1221/1936 (63%)  有效 73  失败 1148  北京卡酷少儿
2026-09-10T00:39:50+00:00 INFO    [run=ab75fa2b34f4469bb7b3d733f8e34171 phase=speed_test event=progress.updated] 测速  1283/1936 (66%)  有效 73  失败 1210  优漫卡通
2026-09-10T00:40:20+00:00 INFO    [run=ab75fa2b34f4469bb7b3d733f8e34171 phase=speed_test event=progress.updated] 测速  1352/1936 (69%)  有效 76  失败 1276  湖南电影
2026-09-10T00:40:51+00:00 INFO    [run=ab75fa2b34f4469bb7b3d733f8e34171 phase=speed_test event=progress.updated] 测速  1405/1936 (72%)  有效 76  失败 1329  湖北影视
2026-09-10T00:41:22+00:00 INFO    [run=ab75fa2b34f4469bb7b3d733f8e34171 phase=speed_test event=progress.updated] 测速  1443/1936 (74%)  有效 77  失败 1366  乐至综合
2026-09-10T00:41:52+00:00 INFO    [run=ab75fa2b34f4469bb7b3d733f8e34171 phase=speed_test event=progress.updated] 测速  1470/1936 (75%)  有效 77  失败 1393  平武综合
2026-09-10T00:42:22+00:00 INFO    [run=ab75fa2b34f4469bb7b3d733f8e34171 phase=speed_test event=progress.updated] 测速  1497/1936 (77%)  有效 77  失败 1420  沐川综合
2026-09-10T00:42:53+00:00 INFO    [run=ab75fa2b34f4469bb7b3d733f8e34171 phase=speed_test event=progress.updated] 测速  1527/1936 (78%)  有效 77  失败 1450  雅安雨城
2026-09-10T00:43:23+00:00 INFO    [run=ab75fa2b34f4469bb7b3d733f8e34171 phase=speed_test event=progress.updated] 测速  1574/1936 (81%)  有效 79  失败 1495  伊犁汉语综合
2026-09-10T00:43:54+00:00 INFO    [run=ab75fa2b34f4469bb7b3d733f8e34171 phase=speed_test event=progress.updated] 测速  1604/1936 (82%)  有效 80  失败 1524  烟台公共
2026-09-10T00:44:26+00:00 INFO    [run=ab75fa2b34f4469bb7b3d733f8e34171 phase=speed_test event=progress.updated] 测速  1658/1936 (85%)  有效 82  失败 1576  长白山电视台
2026-09-10T00:44:57+00:00 INFO    [run=ab75fa2b34f4469bb7b3d733f8e34171 phase=speed_test event=progress.updated] 测速  1716/1936 (88%)  有效 84  失败 1632  黑龙江新闻
2026-09-10T00:45:27+00:00 INFO    [run=ab75fa2b34f4469bb7b3d733f8e34171 phase=speed_test event=progress.updated] 测速  1781/1936 (91%)  有效 86  失败 1695  翡翠台
2026-09-10T00:45:58+00:00 INFO    [run=ab75fa2b34f4469bb7b3d733f8e34171 phase=speed_test event=progress.updated] 测速  1854/1936 (95%)  有效 91  失败 1763  睛彩篮球
2026-09-10T00:46:22+00:00 INFO    [run=ab75fa2b34f4469bb7b3d733f8e34171 phase=speed_test event=progress.updated] 测速  1936/1936 (100%)  有效 91  失败 1845  世界地理
2026-09-10T00:46:25+00:00 INFO    [run=ab75fa2b34f4469bb7b3d733f8e34171 phase=speed_test event=progress.updated] 测速  1936/1936 (100%)  有效 91  失败 1846  天龙八部
2026-09-10T00:46:25+00:00 INFO    [run=ab75fa2b34f4469bb7b3d733f8e34171 phase=speed_test event=speed_test.artifacts_written] 测速明细已写入 output/log/speed_test.log，有效结果已写入 output/log/result.log
2026-09-10T00:46:25+00:00 INFO    [run=ab75fa2b34f4469bb7b3d733f8e34171 phase=speed_test event=progress.finished] 测速  1936/1936  有效 91  失败 1846
2026-09-10T00:46:25+00:00 INFO    [run=ab75fa2b34f4469bb7b3d733f8e34171 phase=output event=output.written] 结果文件生成完成：更新 3 个文件
2026-09-10T00:46:25+00:00 INFO    [run=ab75fa2b34f4469bb7b3d733f8e34171 phase=statistics event=statistics.finished] 频道统计完成：测试 1937，有效 91
2026-09-10T00:46:25+00:00 INFO    [run=ab75fa2b34f4469bb7b3d733f8e34171 phase=complete event=run.summary] 更新摘要
2026-09-10T00:46:25+00:00 INFO    [run=ab75fa2b34f4469bb7b3d733f8e34171 phase=complete event=run.finished] 更新完成！总耗时：21:14
2026-09-10T00:53:51+00:00 INFO    [event=application.started] IPTV-API 版本: 3.0.0 (构建时间: 2026-08-07 11:45:59)
2026-09-10T00:53:51+00:00 INFO    [phase=prepare event=network.ipv6.checking] 🛜 正在检查当前网络是否支持IPv6...
2026-09-10T00:53:51+00:00 WARNING [phase=prepare event=network.ipv6.unsupported] 当前网络不支持IPv6，别担心，IPv6的结果会被保存下来
2026-09-10T00:53:51+00:00 INFO    [run=341570a167334beda6f8cef07e4bc927 phase=prepare event=run.started] 性能模式: auto → balance，可用资源: 4.0 CPU / 15.61 GB，并发: 测速 8、媒体探测 2、源抓取 8
2026-09-10T00:53:51+00:00 INFO    [run=341570a167334beda6f8cef07e4bc927 phase=prepare event=channels.catalog_loaded] 频道目录已加载：白名单 6，黑名单 15，台标 21
2026-09-10T00:53:51+00:00 INFO    [run=341570a167334beda6f8cef07e4bc927 phase=fetch event=sources.subscribe.summary] 订阅源数量：18，订阅白名单数量：0，停用地址数量：5，有效总数量：18
2026-09-10T00:53:51+00:00 INFO    [run=341570a167334beda6f8cef07e4bc927 phase=fetch event=progress.started] 正在进行获取订阅源  0/18
2026-09-10T00:53:52+00:00 INFO    [run=341570a167334beda6f8cef07e4bc927 phase=fetch event=progress.updated] 正在进行获取订阅源  1/18 (5%)  剩余 17
2026-09-10T00:53:53+00:00 INFO    [run=341570a167334beda6f8cef07e4bc927 phase=fetch event=progress.updated] 正在进行获取订阅源  3/18 (16%)  剩余 15
2026-09-10T00:53:54+00:00 INFO    [run=341570a167334beda6f8cef07e4bc927 phase=fetch event=progress.updated] 正在进行获取订阅源  5/18 (27%)  剩余 13
2026-09-10T00:53:54+00:00 INFO    [run=341570a167334beda6f8cef07e4bc927 phase=fetch event=progress.updated] 正在进行获取订阅源  7/18 (38%)  剩余 11
2026-09-10T00:53:54+00:00 INFO    [run=341570a167334beda6f8cef07e4bc927 phase=fetch event=progress.updated] 正在进行获取订阅源  9/18 (50%)  剩余 9
2026-09-10T00:53:54+00:00 INFO    [run=341570a167334beda6f8cef07e4bc927 phase=fetch event=progress.updated] 正在进行获取订阅源  11/18 (61%)  剩余 7
2026-09-10T00:53:54+00:00 INFO    [run=341570a167334beda6f8cef07e4bc927 phase=fetch event=progress.updated] 正在进行获取订阅源  13/18 (72%)  剩余 5
2026-09-10T00:53:55+00:00 INFO    [run=341570a167334beda6f8cef07e4bc927 phase=fetch event=progress.updated] 正在进行获取订阅源  15/18 (83%)  剩余 3
2026-09-10T00:53:55+00:00 INFO    [run=341570a167334beda6f8cef07e4bc927 phase=fetch event=progress.updated] 正在进行获取订阅源  17/18 (94%)  剩余 1
2026-09-10T00:53:55+00:00 INFO    [run=341570a167334beda6f8cef07e4bc927 phase=fetch event=progress.updated] 正在进行获取订阅源  18/18 (100%)  剩余 0
2026-09-10T00:53:56+00:00 INFO    [run=341570a167334beda6f8cef07e4bc927 phase=fetch event=sources.subscribe.finished] 订阅源: ✅ 有效地址数量：18，⛔ 停用地址数量：0
2026-09-10T00:53:56+00:00 INFO    [run=341570a167334beda6f8cef07e4bc927 phase=fetch event=sources.subscribe.epg_discovered] 📡 从订阅源中发现 1 个 EPG 地址
2026-09-10T00:53:56+00:00 INFO    [run=341570a167334beda6f8cef07e4bc927 phase=fetch event=progress.finished] 正在进行获取订阅源  18/18  未匹配 10000
2026-09-10T00:53:56+00:00 INFO    [run=341570a167334beda6f8cef07e4bc927 phase=fetch event=sources.epg.summary] EPG源数量：1，EPG白名单数量：0，停用地址数量：0，有效总数量：2
2026-09-10T00:53:56+00:00 INFO    [run=341570a167334beda6f8cef07e4bc927 phase=fetch event=progress.started] 正在进行获取EPG源  0/2
2026-09-10T00:53:57+00:00 INFO    [run=341570a167334beda6f8cef07e4bc927 phase=fetch event=epg.source_parsed] EPG 源解析完成：http://e.erw.cc/e.xml.gz，保留节目 8227 条
2026-09-10T00:53:57+00:00 INFO    [run=341570a167334beda6f8cef07e4bc927 phase=fetch event=progress.updated] 正在进行获取EPG源  1/2 (50%)  剩余 1
2026-09-10T00:53:58+00:00 WARNING [run=341570a167334beda6f8cef07e4bc927 phase=fetch event=request.retrying] 🔄 请求http://epg.51zmt.top:8000/e.xml失败，正在进行第1次重试...
2026-09-10T00:53:59+00:00 ERROR   [run=341570a167334beda6f8cef07e4bc927 phase=fetch event=source.parse_failed] http://epg.51zmt.top:8000/e.xml 出错：❌ 请求http://epg.51zmt.top:8000/e.xml失败，已达到最大重试次数
2026-09-10T00:53:59+00:00 INFO    [run=341570a167334beda6f8cef07e4bc927 phase=fetch event=progress.updated] 正在进行获取EPG源  2/2 (100%)  剩余 0
2026-09-10T00:53:59+00:00 INFO    [run=341570a167334beda6f8cef07e4bc927 phase=fetch event=sources.epg.finished] EPG源: ✅ 有效地址数量：1，⛔ 停用地址数量：0
2026-09-10T00:53:59+00:00 INFO    [run=341570a167334beda6f8cef07e4bc927 phase=fetch event=progress.finished] 正在进行获取EPG源  2/2  匹配 235 个频道
2026-09-10T00:57:19+00:00 INFO    [run=341570a167334beda6f8cef07e4bc927 phase=aggregate event=channels.aggregated] 频道数据聚合完成：1483 个频道，5551 个接口（IPv4 4840 / IPv6 705）
2026-09-10T00:57:19+00:00 INFO    [run=341570a167334beda6f8cef07e4bc927 phase=speed_test event=speed_test.planned] 总接口数量: 4980, 需要进行测速的接口数量: 4335
2026-09-10T00:57:19+00:00 INFO    [run=341570a167334beda6f8cef07e4bc927 phase=speed_test event=progress.started] 测速  0/4335
2026-09-10T00:57:20+00:00 INFO    [run=341570a167334beda6f8cef07e4bc927 phase=speed_test event=progress.updated] 测速  1/4335 (0%)  有效 0  失败 1  CCTV-1
2026-09-10T00:57:50+00:00 INFO    [run=341570a167334beda6f8cef07e4bc927 phase=speed_test event=progress.updated] 测速  45/4335 (1%)  有效 1  失败 44  CCTV-1
2026-09-10T00:58:21+00:00 INFO    [run=341570a167334beda6f8cef07e4bc927 phase=speed_test event=progress.updated] 测速  92/4335 (2%)  有效 4  失败 88  CCTV-2
2026-09-10T00:58:51+00:00 INFO    [run=341570a167334beda6f8cef07e4bc927 phase=speed_test event=progress.updated] 测速  139/4335 (3%)  有效 5  失败 134  CCTV-3
2026-09-10T00:59:21+00:00 INFO    [run=341570a167334beda6f8cef07e4bc927 phase=speed_test event=progress.updated] 测速  184/4335 (4%)  有效 7  失败 177  CCTV-3
2026-09-10T00:59:53+00:00 INFO    [run=341570a167334beda6f8cef07e4bc927 phase=speed_test event=progress.updated] 测速  228/4335 (5%)  有效 10  失败 218  CCTV-4
2026-09-10T01:00:23+00:00 INFO    [run=341570a167334beda6f8cef07e4bc927 phase=speed_test event=progress.updated] 测速  272/4335 (6%)  有效 11  失败 261  CCTV-5
2026-09-10T01:00:53+00:00 INFO    [run=341570a167334beda6f8cef07e4bc927 phase=speed_test event=progress.updated] 测速  327/4335 (7%)  有效 15  失败 312  CCTV-6
2026-09-10T01:01:24+00:00 INFO    [run=341570a167334beda6f8cef07e4bc927 phase=speed_test event=progress.updated] 测速  374/4335 (8%)  有效 20  失败 354  CCTV-6
2026-09-10T01:01:54+00:00 INFO    [run=341570a167334beda6f8cef07e4bc927 phase=speed_test event=progress.updated] 测速  424/4335 (9%)  有效 23  失败 401  CCTV-7
2026-09-10T01:02:26+00:00 INFO    [run=341570a167334beda6f8cef07e4bc927 phase=speed_test event=progress.updated] 测速  466/4335 (10%)  有效 27  失败 439  CCTV-8
2026-09-10T01:02:57+00:00 INFO    [run=341570a167334beda6f8cef07e4bc927 phase=speed_test event=progress.updated] 测速  519/4335 (11%)  有效 28  失败 491  CCTV-8
2026-09-10T01:03:28+00:00 INFO    [run=341570a167334beda6f8cef07e4bc927 phase=speed_test event=progress.updated] 测速  565/4335 (13%)  有效 30  失败 535  CCTV-9
2026-09-10T01:03:58+00:00 INFO    [run=341570a167334beda6f8cef07e4bc927 phase=speed_test event=progress.updated] 测速  618/4335 (14%)  有效 32  失败 586  CCTV-10
2026-09-10T01:04:28+00:00 INFO    [run=341570a167334beda6f8cef07e4bc927 phase=speed_test event=progress.updated] 测速  666/4335 (15%)  有效 35  失败 631  CCTV-11
2026-09-10T01:04:58+00:00 INFO    [run=341570a167334beda6f8cef07e4bc927 phase=speed_test event=progress.updated] 测速  717/4335 (16%)  有效 37  失败 680  CCTV-12
2026-09-10T01:05:28+00:00 INFO    [run=341570a167334beda6f8cef07e4bc927 phase=speed_test event=progress.updated] 测速  764/4335 (17%)  有效 37  失败 727  CCTV-13
2026-09-10T01:05:59+00:00 INFO    [run=341570a167334beda6f8cef07e4bc927 phase=speed_test event=progress.updated] 测速  808/4335 (18%)  有效 37  失败 771  CCTV-13
2026-09-10T01:06:31+00:00 INFO    [run=341570a167334beda6f8cef07e4bc927 phase=speed_test event=progress.updated] 测速  862/4335 (19%)  有效 38  失败 824  CCTV-14
2026-09-10T01:07:01+00:00 INFO    [run=341570a167334beda6f8cef07e4bc927 phase=speed_test event=progress.updated] 测速  912/4335 (21%)  有效 41  失败 871  CCTV-15
2026-09-10T01:07:32+00:00 INFO    [run=341570a167334beda6f8cef07e4bc927 phase=speed_test event=progress.updated] 测速  955/4335 (22%)  有效 43  失败 912  CCTV-16
2026-09-10T01:08:02+00:00 INFO    [run=341570a167334beda6f8cef07e4bc927 phase=speed_test event=progress.updated] 测速  1009/4335 (23%)  有效 45  失败 964  CETV-1
2026-09-10T01:08:32+00:00 INFO    [run=341570a167334beda6f8cef07e4bc927 phase=speed_test event=progress.updated] 测速  1068/4335 (24%)  有效 45  失败 1023  CETV-4
2026-09-10T01:09:03+00:00 INFO    [run=341570a167334beda6f8cef07e4bc927 phase=speed_test event=progress.updated] 测速  1119/4335 (25%)  有效 46  失败 1073  CCTV-5+
2026-09-10T01:09:35+00:00 INFO    [run=341570a167334beda6f8cef07e4bc927 phase=speed_test event=progress.updated] 测速  1182/4335 (27%)  有效 47  失败 1135  广东卫视
2026-09-10T01:10:05+00:00 INFO    [run=341570a167334beda6f8cef07e4bc927 phase=speed_test event=progress.updated] 测速  1236/4335 (28%)  有效 48  失败 1188  浙江卫视
2026-09-10T01:10:35+00:00 INFO    [run=341570a167334beda6f8cef07e4bc927 phase=speed_test event=progress.updated] 测速  1271/4335 (29%)  有效 52  失败 1219  湖南卫视
2026-09-10T01:11:06+00:00 INFO    [run=341570a167334beda6f8cef07e4bc927 phase=speed_test event=progress.updated] 测速  1318/4335 (30%)  有效 54  失败 1264  北京卫视
2026-09-10T01:11:36+00:00 INFO    [run=341570a167334beda6f8cef07e4bc927 phase=speed_test event=progress.updated] 测速  1356/4335 (31%)  有效 55  失败 1301  北京卫视
2026-09-10T01:12:07+00:00 INFO    [run=341570a167334beda6f8cef07e4bc927 phase=speed_test event=progress.updated] 测速  1411/4335 (32%)  有效 57  失败 1354  湖北卫视
2026-09-10T01:12:38+00:00 INFO    [run=341570a167334beda6f8cef07e4bc927 phase=speed_test event=progress.updated] 测速  1462/4335 (33%)  有效 58  失败 1404  黑龙江卫视
2026-09-10T01:13:08+00:00 INFO    [run=341570a167334beda6f8cef07e4bc927 phase=speed_test event=progress.updated] 测速  1514/4335 (34%)  有效 62  失败 1452  重庆卫视
2026-09-10T01:13:40+00:00 INFO    [run=341570a167334beda6f8cef07e4bc927 phase=speed_test event=progress.updated] 测速  1568/4335 (36%)  有效 64  失败 1504  东方卫视
2026-09-10T01:14:11+00:00 INFO    [run=341570a167334beda6f8cef07e4bc927 phase=speed_test event=progress.updated] 测速  1620/4335 (37%)  有效 66  失败 1554  东南卫视
2026-09-10T01:14:41+00:00 INFO    [run=341570a167334beda6f8cef07e4bc927 phase=speed_test event=progress.updated] 测速  1667/4335 (38%)  有效 67  失败 1600  广西卫视
2026-09-10T01:15:12+00:00 INFO    [run=341570a167334beda6f8cef07e4bc927 phase=speed_test event=progress.updated] 测速  1713/4335 (39%)  有效 67  失败 1646  贵州卫视
2026-09-10T01:15:44+00:00 INFO    [run=341570a167334beda6f8cef07e4bc927 phase=speed_test event=progress.updated] 测速  1773/4335 (40%)  有效 69  失败 1704  河北卫视
2026-09-10T01:16:17+00:00 INFO    [run=341570a167334beda6f8cef07e4bc927 phase=speed_test event=progress.updated] 测速  1826/4335 (42%)  有效 69  失败 1757  河南卫视
2026-09-10T01:16:47+00:00 INFO    [run=341570a167334beda6f8cef07e4bc927 phase=speed_test event=progress.updated] 测速  1881/4335 (43%)  有效 70  失败 1811  吉林卫视
2026-09-10T01:17:17+00:00 INFO    [run=341570a167334beda6f8cef07e4bc927 phase=speed_test event=progress.updated] 测速  1927/4335 (44%)  有效 71  失败 1856  江苏卫视
2026-09-10T01:17:47+00:00 INFO    [run=341570a167334beda6f8cef07e4bc927 phase=speed_test event=progress.updated] 测速  1975/4335 (45%)  有效 71  失败 1904  江西卫视
2026-09-10T01:18:17+00:00 INFO    [run=341570a167334beda6f8cef07e4bc927 phase=speed_test event=progress.updated] 测速  2024/4335 (46%)  有效 73  失败 1951  辽宁卫视
2026-09-10T01:18:48+00:00 INFO    [run=341570a167334beda6f8cef07e4bc927 phase=speed_test event=progress.updated] 测速  2083/4335 (48%)  有效 75  失败 2008  宁夏卫视
2026-09-10T01:19:21+00:00 INFO    [run=341570a167334beda6f8cef07e4bc927 phase=speed_test event=progress.updated] 测速  2135/4335 (49%)  有效 76  失败 2059  山东卫视
2026-09-10T01:19:51+00:00 INFO    [run=341570a167334beda6f8cef07e4bc927 phase=speed_test event=progress.updated] 测速  2192/4335 (50%)  有效 77  失败 2115  陕西卫视
2026-09-10T01:20:21+00:00 INFO    [run=341570a167334beda6f8cef07e4bc927 phase=speed_test event=progress.updated] 测速  2234/4335 (51%)  有效 78  失败 2156  四川卫视
2026-09-10T01:20:52+00:00 INFO    [run=341570a167334beda6f8cef07e4bc927 phase=speed_test event=progress.updated] 测速  2282/4335 (52%)  有效 79  失败 2203  深圳卫视
2026-09-10T01:21:22+00:00 INFO    [run=341570a167334beda6f8cef07e4bc927 phase=speed_test event=progress.updated] 测速  2339/4335 (53%)  有效 82  失败 2257  三沙卫视
2026-09-10T01:21:53+00:00 INFO    [run=341570a167334beda6f8cef07e4bc927 phase=speed_test event=progress.updated] 测速  2396/4335 (55%)  有效 84  失败 2312  新疆卫视
2026-09-10T01:22:23+00:00 INFO    [run=341570a167334beda6f8cef07e4bc927 phase=speed_test event=progress.updated] 测速  2443/4335 (56%)  有效 84  失败 2359  云南卫视
2026-09-10T01:22:55+00:00 INFO    [run=341570a167334beda6f8cef07e4bc927 phase=speed_test event=progress.updated] 测速  2493/4335 (57%)  有效 85  失败 2408  河南新闻
2026-09-10T01:23:26+00:00 INFO    [run=341570a167334beda6f8cef07e4bc927 phase=speed_test event=progress.updated] 测速  2617/4335 (60%)  有效 89  失败 2528  桐柏新闻综合
2026-09-10T01:23:56+00:00 INFO    [run=341570a167334beda6f8cef07e4bc927 phase=speed_test event=progress.updated] 测速  2680/4335 (61%)  有效 90  失败 2590  大湾区卫视
2026-09-10T01:24:26+00:00 INFO    [run=341570a167334beda6f8cef07e4bc927 phase=speed_test event=progress.updated] 测速  2720/4335 (62%)  有效 100  失败 2620  浙江少儿
2026-09-10T01:24:57+00:00 INFO    [run=341570a167334beda6f8cef07e4bc927 phase=speed_test event=progress.updated] 测速  2776/4335 (64%)  有效 113  失败 2663  龙游生活娱乐
2026-09-10T01:25:27+00:00 INFO    [run=341570a167334beda6f8cef07e4bc927 phase=speed_test event=progress.updated] 测速  2819/4335 (65%)  有效 117  失败 2702  海宁新闻综合
2026-09-10T01:25:58+00:00 INFO    [run=341570a167334beda6f8cef07e4bc927 phase=speed_test event=progress.updated] 测速  2852/4335 (65%)  有效 118  失败 2734  余杭未来E
2026-09-10T01:26:30+00:00 INFO    [run=341570a167334beda6f8cef07e4bc927 phase=speed_test event=progress.updated] 测速  2911/4335 (67%)  有效 121  失败 2790  全纪实
2026-09-10T01:27:00+00:00 INFO    [run=341570a167334beda6f8cef07e4bc927 phase=speed_test event=progress.updated] 测速  2974/4335 (68%)  有效 124  失败 2850  都市剧场
2026-09-10T01:27:30+00:00 INFO    [run=341570a167334beda6f8cef07e4bc927 phase=speed_test event=progress.updated] 测速  3047/4335 (70%)  有效 124  失败 2923  江苏城市
2026-09-10T01:28:01+00:00 INFO    [run=341570a167334beda6f8cef07e4bc927 phase=speed_test event=progress.updated] 测速  3120/4335 (71%)  有效 124  失败 2996  淮安新闻综合
2026-09-10T01:28:31+00:00 INFO    [run=341570a167334beda6f8cef07e4bc927 phase=speed_test event=progress.updated] 测速  3197/4335 (73%)  有效 126  失败 3071  辽宁影视剧
2026-09-10T01:29:01+00:00 INFO    [run=341570a167334beda6f8cef07e4bc927 phase=speed_test event=progress.updated] 测速  3255/4335 (75%)  有效 126  失败 3129  湖南教育
2026-09-10T01:29:32+00:00 INFO    [run=341570a167334beda6f8cef07e4bc927 phase=speed_test event=progress.updated] 测速  3300/4335 (76%)  有效 126  失败 3174  武汉一台新闻综合
2026-09-10T01:30:05+00:00 INFO    [run=341570a167334beda6f8cef07e4bc927 phase=speed_test event=progress.updated] 测速  3343/4335 (77%)  有效 129  失败 3214  贺州综合
2026-09-10T01:30:35+00:00 INFO    [run=341570a167334beda6f8cef07e4bc927 phase=speed_test event=progress.updated] 测速  3374/4335 (77%)  有效 133  失败 3241  仁寿综合
2026-09-10T01:31:05+00:00 INFO    [run=341570a167334beda6f8cef07e4bc927 phase=speed_test event=progress.updated] 测速  3402/4335 (78%)  有效 133  失败 3269  平武综合
2026-09-10T01:31:35+00:00 INFO    [run=341570a167334beda6f8cef07e4bc927 phase=speed_test event=progress.updated] 测速  3433/4335 (79%)  有效 134  失败 3299  沐川综合
2026-09-10T01:32:05+00:00 INFO    [run=341570a167334beda6f8cef07e4bc927 phase=speed_test event=progress.updated] 测速  3462/4335 (79%)  有效 135  失败 3327  雅安雨城
2026-09-10T01:32:36+00:00 INFO    [run=341570a167334beda6f8cef07e4bc927 phase=speed_test event=progress.updated] 测速  3520/4335 (81%)  有效 141  失败 3379  石家庄新闻综合
2026-09-10T01:33:06+00:00 INFO    [run=341570a167334beda6f8cef07e4bc927 phase=speed_test event=progress.updated] 测速  3555/4335 (82%)  有效 147  失败 3408  奎屯哈萨克语
2026-09-10T01:33:38+00:00 INFO    [run=341570a167334beda6f8cef07e4bc927 phase=speed_test event=progress.updated] 测速  3595/4335 (82%)  有效 148  失败 3447  潍坊新闻综合
2026-09-10T01:34:08+00:00 INFO    [run=341570a167334beda6f8cef07e4bc927 phase=speed_test event=progress.updated] 测速  3651/4335 (84%)  有效 149  失败 3502  安徽经济生活
2026-09-10T01:34:39+00:00 INFO    [run=341570a167334beda6f8cef07e4bc927 phase=speed_test event=progress.updated] 测速  3686/4335 (85%)  有效 154  失败 3532  延边卫视
2026-09-10T01:35:09+00:00 INFO    [run=341570a167334beda6f8cef07e4bc927 phase=speed_test event=progress.updated] 测速  3722/4335 (85%)  有效 155  失败 3567  长白新闻综合
2026-09-10T01:35:40+00:00 INFO    [run=341570a167334beda6f8cef07e4bc927 phase=speed_test event=progress.updated] 测速  3786/4335 (87%)  有效 155  失败 3631  内蒙古经济生活
2026-09-10T01:36:11+00:00 INFO    [run=341570a167334beda6f8cef07e4bc927 phase=speed_test event=progress.updated] 测速  3833/4335 (88%)  有效 158  失败 3675  哈尔滨资讯
2026-09-10T01:36:42+00:00 INFO    [run=341570a167334beda6f8cef07e4bc927 phase=speed_test event=progress.updated] 测速  3898/4335 (89%)  有效 161  失败 3737  2012年春晚
2026-09-10T01:37:12+00:00 INFO    [run=341570a167334beda6f8cef07e4bc927 phase=speed_test event=progress.updated] 测速  3966/4335 (91%)  有效 167  失败 3799  纬来体育
2026-09-10T01:37:42+00:00 INFO    [run=341570a167334beda6f8cef07e4bc927 phase=speed_test event=progress.updated] 测速  4058/4335 (93%)  有效 176  失败 3882  靖天映画
2026-09-10T01:38:13+00:00 INFO    [run=341570a167334beda6f8cef07e4bc927 phase=speed_test event=progress.updated] 测速  4155/4335 (95%)  有效 181  失败 3974  快乐垂钓
2026-09-10T01:38:43+00:00 INFO    [run=341570a167334beda6f8cef07e4bc927 phase=speed_test event=progress.updated] 测速  4196/4335 (96%)  有效 181  失败 4015  金鹰卡通
2026-09-10T01:39:13+00:00 INFO    [run=341570a167334beda6f8cef07e4bc927 phase=speed_test event=progress.updated] 测速  4255/4335 (98%)  有效 183  失败 4072  第一剧场
2026-09-10T01:39:45+00:00 INFO    [run=341570a167334beda6f8cef07e4bc927 phase=speed_test event=progress.updated] 测速  4323/4335 (99%)  有效 187  失败 4136  西游记
2026-09-10T01:39:47+00:00 INFO    [run=341570a167334beda6f8cef07e4bc927 phase=speed_test event=progress.updated] 测速  4335/4335 (100%)  有效 188  失败 4147  封神榜
2026-09-10T01:39:47+00:00 INFO    [run=341570a167334beda6f8cef07e4bc927 phase=speed_test event=progress.updated] 测速  4335/4335 (100%)  有效 188  失败 4148  封神榜
2026-09-10T01:39:47+00:00 INFO    [run=341570a167334beda6f8cef07e4bc927 phase=speed_test event=progress.updated] 测速  4335/4335 (100%)  有效 188  失败 4149  射雕英雄传
2026-09-10T01:39:47+00:00 INFO    [run=341570a167334beda6f8cef07e4bc927 phase=speed_test event=progress.updated] 测速  4335/4335 (100%)  有效 188  失败 4150  神探狄仁杰第一部
2026-09-10T01:39:47+00:00 INFO    [run=341570a167334beda6f8cef07e4bc927 phase=speed_test event=progress.updated] 测速  4335/4335 (100%)  有效 189  失败 4150  闯关东
2026-09-10T01:39:48+00:00 INFO    [run=341570a167334beda6f8cef07e4bc927 phase=speed_test event=progress.updated] 测速  4335/4335 (100%)  有效 189  失败 4151  神探狄仁杰第二部
2026-09-10T01:39:48+00:00 INFO    [run=341570a167334beda6f8cef07e4bc927 phase=speed_test event=progress.updated] 测速  4335/4335 (100%)  有效 189  失败 4152  西游记
2026-09-10T01:39:48+00:00 INFO    [run=341570a167334beda6f8cef07e4bc927 phase=speed_test event=progress.updated] 测速  4335/4335 (100%)  有效 189  失败 4153  西游记
2026-09-10T01:39:49+00:00 INFO    [run=341570a167334beda6f8cef07e4bc927 phase=speed_test event=progress.updated] 测速  4335/4335 (100%)  有效 189  失败 4154  亮剑
2026-09-10T01:39:49+00:00 INFO    [run=341570a167334beda6f8cef07e4bc927 phase=speed_test event=progress.updated] 测速  4335/4335 (100%)  有效 189  失败 4155  亮剑
2026-09-10T01:39:49+00:00 INFO    [run=341570a167334beda6f8cef07e4bc927 phase=speed_test event=progress.updated] 测速  4335/4335 (100%)  有效 189  失败 4156  亮剑
2026-09-10T01:39:49+00:00 INFO    [run=341570a167334beda6f8cef07e4bc927 phase=speed_test event=progress.updated] 测速  4335/4335 (100%)  有效 189  失败 4157  亮剑
2026-09-10T01:39:50+00:00 INFO    [run=341570a167334beda6f8cef07e4bc927 phase=speed_test event=progress.updated] 测速  4335/4335 (100%)  有效 189  失败 4158  铁齿铜牙纪晓岚
2026-09-10T01:39:50+00:00 INFO    [run=341570a167334beda6f8cef07e4bc927 phase=speed_test event=progress.updated] 测速  4335/4335 (100%)  有效 189  失败 4159  康熙微服私访记
2026-09-10T01:39:50+00:00 INFO    [run=341570a167334beda6f8cef07e4bc927 phase=speed_test event=progress.updated] 测速  4335/4335 (100%)  有效 189  失败 4160  三国演义
2026-09-10T01:39:51+00:00 INFO    [run=341570a167334beda6f8cef07e4bc927 phase=speed_test event=progress.updated] 测速  4335/4335 (100%)  有效 189  失败 4161  庆余年一
2026-09-10T01:39:51+00:00 INFO    [run=341570a167334beda6f8cef07e4bc927 phase=speed_test event=progress.updated] 测速  4335/4335 (100%)  有效 189  失败 4162  康熙微服私访记
2026-09-10T01:39:51+00:00 INFO    [run=341570a167334beda6f8cef07e4bc927 phase=speed_test event=progress.updated] 测速  4335/4335 (100%)  有效 189  失败 4163  庆余年一
2026-09-10T01:39:52+00:00 INFO    [run=341570a167334beda6f8cef07e4bc927 phase=speed_test event=progress.updated] 测速  4335/4335 (100%)  有效 189  失败 4164  天龙八部
2026-09-10T01:39:52+00:00 INFO    [run=341570a167334beda6f8cef07e4bc927 phase=speed_test event=progress.updated] 测速  4335/4335 (100%)  有效 189  失败 4165  亮剑
2026-09-10T01:39:52+00:00 INFO    [run=341570a167334beda6f8cef07e4bc927 phase=speed_test event=progress.updated] 测速  4335/4335 (100%)  有效 189  失败 4166  神探狄仁杰第二部
2026-09-10T01:39:54+00:00 INFO    [run=341570a167334beda6f8cef07e4bc927 phase=speed_test event=progress.updated] 测速  4335/4335 (100%)  有效 189  失败 4167  铁齿铜牙纪晓岚
2026-09-10T01:39:57+00:00 INFO    [run=341570a167334beda6f8cef07e4bc927 phase=speed_test event=progress.updated] 测速  4335/4335 (100%)  有效 189  失败 4168  神探狄仁杰第一部
2026-09-10T01:39:57+00:00 INFO    [run=341570a167334beda6f8cef07e4bc927 phase=speed_test event=progress.updated] 测速  4335/4335 (100%)  有效 189  失败 4169  神探狄仁杰第三部
2026-09-10T01:39:57+00:00 INFO    [run=341570a167334beda6f8cef07e4bc927 phase=speed_test event=speed_test.artifacts_written] 测速明细已写入 output/log/speed_test.log，有效结果已写入 output/log/result.log
2026-09-10T01:39:57+00:00 INFO    [run=341570a167334beda6f8cef07e4bc927 phase=speed_test event=progress.finished] 测速  4335/4335  有效 189  失败 4169
2026-09-10T01:39:58+00:00 INFO    [run=341570a167334beda6f8cef07e4bc927 phase=output event=output.written] 结果文件生成完成：更新 3 个文件
2026-09-10T01:39:58+00:00 INFO    [run=341570a167334beda6f8cef07e4bc927 phase=statistics event=statistics.finished] 频道统计完成：测试 4358，有效 189
2026-09-10T01:39:58+00:00 INFO    [run=341570a167334beda6f8cef07e4bc927 phase=complete event=run.summary] 更新摘要
2026-09-10T01:39:58+00:00 INFO    [run=341570a167334beda6f8cef07e4bc927 phase=complete event=run.finished] 更新完成！总耗时：46:07
2026-09-10T08:01:14+00:00 INFO    [event=application.started] IPTV-API 版本: 3.0.0 (构建时间: 2026-08-07 11:45:59)
2026-09-10T08:01:14+00:00 INFO    [phase=prepare event=network.ipv6.checking] 🛜 正在检查当前网络是否支持IPv6...
2026-09-10T08:01:15+00:00 WARNING [phase=prepare event=network.ipv6.unsupported] 当前网络不支持IPv6，别担心，IPv6的结果会被保存下来
2026-09-10T08:01:15+00:00 INFO    [run=a45da53597d84b3292e09940663f71b8 phase=prepare event=run.started] 性能模式: auto → balance，可用资源: 4.0 CPU / 15.61 GB，并发: 测速 8、媒体探测 2、源抓取 8
2026-09-10T08:01:15+00:00 INFO    [run=a45da53597d84b3292e09940663f71b8 phase=prepare event=channels.catalog_loaded] 频道目录已加载：白名单 6，黑名单 15，台标 21
2026-09-10T08:01:15+00:00 INFO    [run=a45da53597d84b3292e09940663f71b8 phase=fetch event=sources.subscribe.summary] 订阅源数量：21，订阅白名单数量：0，停用地址数量：2，有效总数量：21
2026-09-10T08:01:15+00:00 INFO    [run=a45da53597d84b3292e09940663f71b8 phase=fetch event=progress.started] 正在进行获取订阅源  0/21
2026-09-10T08:01:16+00:00 INFO    [run=a45da53597d84b3292e09940663f71b8 phase=fetch event=progress.updated] 正在进行获取订阅源  1/21 (4%)  剩余 20
2026-09-10T08:01:17+00:00 INFO    [run=a45da53597d84b3292e09940663f71b8 phase=fetch event=progress.updated] 正在进行获取订阅源  3/21 (14%)  剩余 18
2026-09-10T08:01:17+00:00 INFO    [run=a45da53597d84b3292e09940663f71b8 phase=fetch event=progress.updated] 正在进行获取订阅源  6/21 (28%)  剩余 15
2026-09-10T08:01:18+00:00 INFO    [run=a45da53597d84b3292e09940663f71b8 phase=fetch event=progress.updated] 正在进行获取订阅源  8/21 (38%)  剩余 13
2026-09-10T08:01:18+00:00 INFO    [run=a45da53597d84b3292e09940663f71b8 phase=fetch event=progress.updated] 正在进行获取订阅源  11/21 (52%)  剩余 10
2026-09-10T08:01:19+00:00 INFO    [run=a45da53597d84b3292e09940663f71b8 phase=fetch event=progress.updated] 正在进行获取订阅源  14/21 (66%)  剩余 7
2026-09-10T08:01:19+00:00 INFO    [run=a45da53597d84b3292e09940663f71b8 phase=fetch event=progress.updated] 正在进行获取订阅源  16/21 (76%)  剩余 5
2026-09-10T08:01:20+00:00 INFO    [run=a45da53597d84b3292e09940663f71b8 phase=fetch event=progress.updated] 正在进行获取订阅源  19/21 (90%)  剩余 2
2026-09-10T08:01:20+00:00 INFO    [run=a45da53597d84b3292e09940663f71b8 phase=fetch event=progress.updated] 正在进行获取订阅源  21/21 (100%)  剩余 0
2026-09-10T08:01:20+00:00 INFO    [run=a45da53597d84b3292e09940663f71b8 phase=fetch event=sources.subscribe.finished] 订阅源: ✅ 有效地址数量：21，⛔ 停用地址数量：0
2026-09-10T08:01:20+00:00 INFO    [run=a45da53597d84b3292e09940663f71b8 phase=fetch event=sources.subscribe.epg_discovered] 📡 从订阅源中发现 1 个 EPG 地址
2026-09-10T08:01:20+00:00 INFO    [run=a45da53597d84b3292e09940663f71b8 phase=fetch event=progress.finished] 正在进行获取订阅源  21/21  未匹配 10000
2026-09-10T08:01:20+00:00 INFO    [run=a45da53597d84b3292e09940663f71b8 phase=fetch event=sources.epg.summary] EPG源数量：1，EPG白名单数量：0，停用地址数量：0，有效总数量：2
2026-09-10T08:01:20+00:00 INFO    [run=a45da53597d84b3292e09940663f71b8 phase=fetch event=progress.started] 正在进行获取EPG源  0/2
2026-09-10T08:01:22+00:00 INFO    [run=a45da53597d84b3292e09940663f71b8 phase=fetch event=epg.source_parsed] EPG 源解析完成：http://e.erw.cc/e.xml.gz，保留节目 8219 条
2026-09-10T08:01:22+00:00 INFO    [run=a45da53597d84b3292e09940663f71b8 phase=fetch event=progress.updated] 正在进行获取EPG源  1/2 (50%)  剩余 1
2026-09-10T08:01:23+00:00 WARNING [run=a45da53597d84b3292e09940663f71b8 phase=fetch event=request.retrying] 🔄 请求http://epg.51zmt.top:8000/e.xml失败，正在进行第1次重试...
2026-09-10T08:01:25+00:00 ERROR   [run=a45da53597d84b3292e09940663f71b8 phase=fetch event=source.parse_failed] http://epg.51zmt.top:8000/e.xml 出错：❌ 请求http://epg.51zmt.top:8000/e.xml失败，已达到最大重试次数
2026-09-10T08:01:25+00:00 INFO    [run=a45da53597d84b3292e09940663f71b8 phase=fetch event=progress.updated] 正在进行获取EPG源  2/2 (100%)  剩余 0
2026-09-10T08:01:25+00:00 INFO    [run=a45da53597d84b3292e09940663f71b8 phase=fetch event=sources.epg.finished] EPG源: ✅ 有效地址数量：1，⛔ 停用地址数量：0
2026-09-10T08:01:25+00:00 INFO    [run=a45da53597d84b3292e09940663f71b8 phase=fetch event=progress.finished] 正在进行获取EPG源  2/2  匹配 235 个频道
2026-09-10T08:05:05+00:00 INFO    [run=a45da53597d84b3292e09940663f71b8 phase=aggregate event=channels.aggregated] 频道数据聚合完成：1483 个频道，6426 个接口（IPv4 5843 / IPv6 577）
2026-09-10T08:05:05+00:00 INFO    [run=a45da53597d84b3292e09940663f71b8 phase=speed_test event=speed_test.planned] 总接口数量: 5762, 需要进行测速的接口数量: 5248
2026-09-10T08:05:05+00:00 INFO    [run=a45da53597d84b3292e09940663f71b8 phase=speed_test event=progress.started] 测速  0/5248
2026-09-10T08:05:06+00:00 INFO    [run=a45da53597d84b3292e09940663f71b8 phase=speed_test event=progress.updated] 测速  1/5248 (0%)  有效 0  失败 1  CCTV-1
2026-09-10T08:05:37+00:00 INFO    [run=a45da53597d84b3292e09940663f71b8 phase=speed_test event=progress.updated] 测速  47/5248 (0%)  有效 2  失败 45  CCTV-1
2026-09-10T08:06:08+00:00 INFO    [run=a45da53597d84b3292e09940663f71b8 phase=speed_test event=progress.updated] 测速  98/5248 (1%)  有效 6  失败 92  CCTV-2
2026-09-10T08:06:38+00:00 INFO    [run=a45da53597d84b3292e09940663f71b8 phase=speed_test event=progress.updated] 测速  141/5248 (2%)  有效 7  失败 134  CCTV-2
2026-09-10T08:07:09+00:00 INFO    [run=a45da53597d84b3292e09940663f71b8 phase=speed_test event=progress.updated] 测速  197/5248 (3%)  有效 10  失败 187  CCTV-3
2026-09-10T08:07:39+00:00 INFO    [run=a45da53597d84b3292e09940663f71b8 phase=speed_test event=progress.updated] 测速  241/5248 (4%)  有效 13  失败 228  CCTV-3
2026-09-10T08:08:10+00:00 INFO    [run=a45da53597d84b3292e09940663f71b8 phase=speed_test event=progress.updated] 测速  289/5248 (5%)  有效 16  失败 273  CCTV-4
2026-09-10T08:08:44+00:00 INFO    [run=a45da53597d84b3292e09940663f71b8 phase=speed_test event=progress.updated] 测速  339/5248 (6%)  有效 17  失败 322  CCTV-5
2026-09-10T08:09:16+00:00 INFO    [run=a45da53597d84b3292e09940663f71b8 phase=speed_test event=progress.updated] 测速  387/5248 (7%)  有效 19  失败 368  CCTV-5
2026-09-10T08:09:47+00:00 INFO    [run=a45da53597d84b3292e09940663f71b8 phase=speed_test event=progress.updated] 测速  448/5248 (8%)  有效 26  失败 422  CCTV-6
2026-09-10T08:10:17+00:00 INFO    [run=a45da53597d84b3292e09940663f71b8 phase=speed_test event=progress.updated] 测速  493/5248 (9%)  有效 27  失败 466  CCTV-7
2026-09-10T08:10:48+00:00 INFO    [run=a45da53597d84b3292e09940663f71b8 phase=speed_test event=progress.updated] 测速  549/5248 (10%)  有效 31  失败 518  CCTV-7
2026-09-10T08:11:18+00:00 INFO    [run=a45da53597d84b3292e09940663f71b8 phase=speed_test event=progress.updated] 测速  592/5248 (11%)  有效 35  失败 557  CCTV-8
2026-09-10T08:11:48+00:00 INFO    [run=a45da53597d84b3292e09940663f71b8 phase=speed_test event=progress.updated] 测速  636/5248 (12%)  有效 36  失败 600  CCTV-8
2026-09-10T08:12:19+00:00 INFO    [run=a45da53597d84b3292e09940663f71b8 phase=speed_test event=progress.updated] 测速  690/5248 (13%)  有效 42  失败 648  CCTV-9
2026-09-10T08:12:49+00:00 INFO    [run=a45da53597d84b3292e09940663f71b8 phase=speed_test event=progress.updated] 测速  741/5248 (14%)  有效 44  失败 697  CCTV-10
2026-09-10T08:13:19+00:00 INFO    [run=a45da53597d84b3292e09940663f71b8 phase=speed_test event=progress.updated] 测速  788/5248 (15%)  有效 46  失败 742  CCTV-10
2026-09-10T08:13:50+00:00 INFO    [run=a45da53597d84b3292e09940663f71b8 phase=speed_test event=progress.updated] 测速  845/5248 (16%)  有效 49  失败 796  CCTV-11
2026-09-10T08:14:21+00:00 INFO    [run=a45da53597d84b3292e09940663f71b8 phase=speed_test event=progress.updated] 测速  889/5248 (16%)  有效 52  失败 837  CCTV-12
2026-09-10T08:14:51+00:00 INFO    [run=a45da53597d84b3292e09940663f71b8 phase=speed_test event=progress.updated] 测速  944/5248 (17%)  有效 54  失败 890  CCTV-12
2026-09-10T08:15:22+00:00 INFO    [run=a45da53597d84b3292e09940663f71b8 phase=speed_test event=progress.updated] 测速  989/5248 (18%)  有效 56  失败 933  CCTV-13
2026-09-10T08:15:52+00:00 INFO    [run=a45da53597d84b3292e09940663f71b8 phase=speed_test event=progress.updated] 测速  1038/5248 (19%)  有效 57  失败 981  CCTV-14
2026-09-10T08:16:22+00:00 INFO    [run=a45da53597d84b3292e09940663f71b8 phase=speed_test event=progress.updated] 测速  1082/5248 (20%)  有效 59  失败 1023  CCTV-14
2026-09-10T08:16:53+00:00 INFO    [run=a45da53597d84b3292e09940663f71b8 phase=speed_test event=progress.updated] 测速  1135/5248 (21%)  有效 62  失败 1073  CCTV-15
2026-09-10T08:17:23+00:00 INFO    [run=a45da53597d84b3292e09940663f71b8 phase=speed_test event=progress.updated] 测速  1182/5248 (22%)  有效 63  失败 1119  CCTV-15
2026-09-10T08:17:54+00:00 INFO    [run=a45da53597d84b3292e09940663f71b8 phase=speed_test event=progress.updated] 测速  1226/5248 (23%)  有效 66  失败 1160  CCTV-17
2026-09-10T08:18:24+00:00 INFO    [run=a45da53597d84b3292e09940663f71b8 phase=speed_test event=progress.updated] 测速  1282/5248 (24%)  有效 68  失败 1214  CETV-1
2026-09-10T08:18:54+00:00 INFO    [run=a45da53597d84b3292e09940663f71b8 phase=speed_test event=progress.updated] 测速  1334/5248 (25%)  有效 70  失败 1264  CETV-1
2026-09-10T08:19:25+00:00 INFO    [run=a45da53597d84b3292e09940663f71b8 phase=speed_test event=progress.updated] 测速  1416/5248 (26%)  有效 71  失败 1345  CETV-4
2026-09-10T08:19:55+00:00 INFO    [run=a45da53597d84b3292e09940663f71b8 phase=speed_test event=progress.updated] 测速  1461/5248 (27%)  有效 71  失败 1390  CCTV-5+
2026-09-10T08:20:25+00:00 INFO    [run=a45da53597d84b3292e09940663f71b8 phase=speed_test event=progress.updated] 测速  1519/5248 (28%)  有效 72  失败 1447  广东卫视
2026-09-10T08:20:55+00:00 INFO    [run=a45da53597d84b3292e09940663f71b8 phase=speed_test event=progress.updated] 测速  1576/5248 (30%)  有效 73  失败 1503  浙江卫视
2026-09-10T08:21:26+00:00 INFO    [run=a45da53597d84b3292e09940663f71b8 phase=speed_test event=progress.updated] 测速  1619/5248 (30%)  有效 77  失败 1542  湖南卫视
2026-09-10T08:21:56+00:00 INFO    [run=a45da53597d84b3292e09940663f71b8 phase=speed_test event=progress.updated] 测速  1657/5248 (31%)  有效 77  失败 1580  湖南卫视
2026-09-10T08:22:27+00:00 INFO    [run=a45da53597d84b3292e09940663f71b8 phase=speed_test event=progress.updated] 测速  1707/5248 (32%)  有效 81  失败 1626  北京卫视
2026-09-10T08:22:57+00:00 INFO    [run=a45da53597d84b3292e09940663f71b8 phase=speed_test event=progress.updated] 测速  1755/5248 (33%)  有效 83  失败 1672  湖北卫视
2026-09-10T08:23:27+00:00 INFO    [run=a45da53597d84b3292e09940663f71b8 phase=speed_test event=progress.updated] 测速  1810/5248 (34%)  有效 84  失败 1726  湖北卫视
2026-09-10T08:23:58+00:00 INFO    [run=a45da53597d84b3292e09940663f71b8 phase=speed_test event=progress.updated] 测速  1861/5248 (35%)  有效 87  失败 1774  安徽卫视
2026-09-10T08:24:30+00:00 INFO    [run=a45da53597d84b3292e09940663f71b8 phase=speed_test event=progress.updated] 测速  1905/5248 (36%)  有效 88  失败 1817  重庆卫视
2026-09-10T08:25:01+00:00 INFO    [run=a45da53597d84b3292e09940663f71b8 phase=speed_test event=progress.updated] 测速  1963/5248 (37%)  有效 92  失败 1871  东方卫视
2026-09-10T08:25:31+00:00 INFO    [run=a45da53597d84b3292e09940663f71b8 phase=speed_test event=progress.updated] 测速  2015/5248 (38%)  有效 93  失败 1922  东方卫视
2026-09-10T08:26:01+00:00 INFO    [run=a45da53597d84b3292e09940663f71b8 phase=speed_test event=progress.updated] 测速  2074/5248 (39%)  有效 93  失败 1981  甘肃卫视
2026-09-10T08:26:31+00:00 INFO    [run=a45da53597d84b3292e09940663f71b8 phase=speed_test event=progress.updated] 测速  2119/5248 (40%)  有效 95  失败 2024  广西卫视
2026-09-10T08:27:01+00:00 INFO    [run=a45da53597d84b3292e09940663f71b8 phase=speed_test event=progress.updated] 测速  2164/5248 (41%)  有效 95  失败 2069  贵州卫视
2026-09-10T08:27:34+00:00 INFO    [run=a45da53597d84b3292e09940663f71b8 phase=speed_test event=progress.updated] 测速  2214/5248 (42%)  有效 96  失败 2118  河北卫视
2026-09-10T08:28:04+00:00 INFO    [run=a45da53597d84b3292e09940663f71b8 phase=speed_test event=progress.updated] 测速  2276/5248 (43%)  有效 96  失败 2180  河南卫视
2026-09-10T08:28:34+00:00 INFO    [run=a45da53597d84b3292e09940663f71b8 phase=speed_test event=progress.updated] 测速  2332/5248 (44%)  有效 96  失败 2236  吉林卫视
2026-09-10T08:29:06+00:00 INFO    [run=a45da53597d84b3292e09940663f71b8 phase=speed_test event=progress.updated] 测速  2388/5248 (45%)  有效 98  失败 2290  江苏卫视
2026-09-10T08:29:36+00:00 INFO    [run=a45da53597d84b3292e09940663f71b8 phase=speed_test event=progress.updated] 测速  2444/5248 (46%)  有效 99  失败 2345  江苏卫视
2026-09-10T08:30:07+00:00 INFO    [run=a45da53597d84b3292e09940663f71b8 phase=speed_test event=progress.updated] 测速  2491/5248 (47%)  有效 100  失败 2391  江西卫视
2026-09-10T08:30:37+00:00 INFO    [run=a45da53597d84b3292e09940663f71b8 phase=speed_test event=progress.updated] 测速  2549/5248 (48%)  有效 101  失败 2448  辽宁卫视
2026-09-10T08:31:08+00:00 INFO    [run=a45da53597d84b3292e09940663f71b8 phase=speed_test event=progress.updated] 测速  2600/5248 (49%)  有效 103  失败 2497  宁夏卫视
2026-09-10T08:31:38+00:00 INFO    [run=a45da53597d84b3292e09940663f71b8 phase=speed_test event=progress.updated] 测速  2662/5248 (50%)  有效 103  失败 2559  青海卫视
2026-09-10T08:32:09+00:00 INFO    [run=a45da53597d84b3292e09940663f71b8 phase=speed_test event=progress.updated] 测速  2708/5248 (51%)  有效 104  失败 2604  山东卫视
2026-09-10T08:32:40+00:00 INFO    [run=a45da53597d84b3292e09940663f71b8 phase=speed_test event=progress.updated] 测速  2752/5248 (52%)  有效 105  失败 2647  陕西卫视
2026-09-10T08:33:11+00:00 INFO    [run=a45da53597d84b3292e09940663f71b8 phase=speed_test event=progress.updated] 测速  2810/5248 (53%)  有效 106  失败 2704  陕西卫视
2026-09-10T08:33:42+00:00 INFO    [run=a45da53597d84b3292e09940663f71b8 phase=speed_test event=progress.updated] 测速  2856/5248 (54%)  有效 107  失败 2749  四川卫视
2026-09-10T08:34:12+00:00 INFO    [run=a45da53597d84b3292e09940663f71b8 phase=speed_test event=progress.updated] 测速  2904/5248 (55%)  有效 108  失败 2796  三沙卫视
2026-09-10T08:34:43+00:00 INFO    [run=a45da53597d84b3292e09940663f71b8 phase=speed_test event=progress.updated] 测速  2965/5248 (56%)  有效 110  失败 2855  天津卫视
2026-09-10T08:35:13+00:00 INFO    [run=a45da53597d84b3292e09940663f71b8 phase=speed_test event=progress.updated] 测速  3021/5248 (57%)  有效 111  失败 2910  新疆卫视
2026-09-10T08:35:47+00:00 INFO    [run=a45da53597d84b3292e09940663f71b8 phase=speed_test event=progress.updated] 测速  3071/5248 (58%)  有效 112  失败 2959  河南电视剧
2026-09-10T08:36:17+00:00 INFO    [run=a45da53597d84b3292e09940663f71b8 phase=speed_test event=progress.updated] 测速  3118/5248 (59%)  有效 116  失败 3002  武术世界
2026-09-10T08:36:48+00:00 INFO    [run=a45da53597d84b3292e09940663f71b8 phase=speed_test event=progress.updated] 测速  3271/5248 (62%)  有效 118  失败 3153  邓州新闻
2026-09-10T08:37:19+00:00 INFO    [run=a45da53597d84b3292e09940663f71b8 phase=speed_test event=progress.updated] 测速  3321/5248 (63%)  有效 119  失败 3202  大湾区卫视
2026-09-10T08:37:49+00:00 INFO    [run=a45da53597d84b3292e09940663f71b8 phase=speed_test event=progress.updated] 测速  3373/5248 (64%)  有效 127  失败 3246  杭州综合
2026-09-10T08:38:20+00:00 INFO    [run=a45da53597d84b3292e09940663f71b8 phase=speed_test event=progress.updated] 测速  3424/5248 (65%)  有效 131  失败 3293  诸暨新闻综合
2026-09-10T08:38:51+00:00 INFO    [run=a45da53597d84b3292e09940663f71b8 phase=speed_test event=progress.updated] 测速  3459/5248 (65%)  有效 145  失败 3314  绍兴公共
2026-09-10T08:39:21+00:00 INFO    [run=a45da53597d84b3292e09940663f71b8 phase=speed_test event=progress.updated] 测速  3497/5248 (66%)  有效 147  失败 3350  嵊泗综合
2026-09-10T08:39:51+00:00 INFO    [run=a45da53597d84b3292e09940663f71b8 phase=speed_test event=progress.updated] 测速  3540/5248 (67%)  有效 147  失败 3393  北京生活
2026-09-10T08:40:22+00:00 INFO    [run=a45da53597d84b3292e09940663f71b8 phase=speed_test event=progress.updated] 测速  3611/5248 (68%)  有效 149  失败 3462  哈哈炫动
2026-09-10T08:40:52+00:00 INFO    [run=a45da53597d84b3292e09940663f71b8 phase=speed_test event=progress.updated] 测速  3675/5248 (70%)  有效 152  失败 3523  荣昌综合
2026-09-10T08:41:24+00:00 INFO    [run=a45da53597d84b3292e09940663f71b8 phase=speed_test event=progress.updated] 测速  3755/5248 (71%)  有效 152  失败 3603  常州都市
2026-09-10T08:41:55+00:00 INFO    [run=a45da53597d84b3292e09940663f71b8 phase=speed_test event=progress.updated] 测速  3843/5248 (73%)  有效 152  失败 3691  江苏教育
2026-09-10T08:42:25+00:00 INFO    [run=a45da53597d84b3292e09940663f71b8 phase=speed_test event=progress.updated] 测速  3911/5248 (74%)  有效 152  失败 3759  滨海新闻综合
2026-09-10T08:42:55+00:00 INFO    [run=a45da53597d84b3292e09940663f71b8 phase=speed_test event=progress.updated] 测速  3991/5248 (76%)  有效 156  失败 3835  朝阳新闻综合
2026-09-10T08:43:25+00:00 INFO    [run=a45da53597d84b3292e09940663f71b8 phase=speed_test event=progress.updated] 测速  4056/5248 (77%)  有效 156  失败 3900  湖南公共
2026-09-10T08:43:56+00:00 INFO    [run=a45da53597d84b3292e09940663f71b8 phase=speed_test event=progress.updated] 测速  4106/5248 (78%)  有效 156  失败 3950  湖北影视
2026-09-10T08:44:26+00:00 INFO    [run=a45da53597d84b3292e09940663f71b8 phase=speed_test event=progress.updated] 测速  4141/5248 (78%)  有效 157  失败 3984  南宁公共
2026-09-10T08:44:57+00:00 INFO    [run=a45da53597d84b3292e09940663f71b8 phase=speed_test event=progress.updated] 测速  4171/5248 (79%)  有效 162  失败 4009  桂林新闻
2026-09-10T08:45:27+00:00 INFO    [run=a45da53597d84b3292e09940663f71b8 phase=speed_test event=progress.updated] 测速  4200/5248 (80%)  有效 162  失败 4038  四川科教
2026-09-10T08:45:57+00:00 INFO    [run=a45da53597d84b3292e09940663f71b8 phase=speed_test event=progress.updated] 测速  4228/5248 (80%)  有效 164  失败 4064  德阳公共
2026-09-10T08:46:29+00:00 INFO    [run=a45da53597d84b3292e09940663f71b8 phase=speed_test event=progress.updated] 测速  4260/5248 (81%)  有效 164  失败 4096  西昌综合
2026-09-10T08:46:59+00:00 INFO    [run=a45da53597d84b3292e09940663f71b8 phase=speed_test event=progress.updated] 测速  4299/5248 (81%)  有效 164  失败 4135  厦门卫视
2026-09-10T08:47:29+00:00 INFO    [run=a45da53597d84b3292e09940663f71b8 phase=speed_test event=progress.updated] 测速  4352/5248 (82%)  有效 175  失败 4177  渭源新闻
2026-09-10T08:48:00+00:00 INFO    [run=a45da53597d84b3292e09940663f71b8 phase=speed_test event=progress.updated] 测速  4399/5248 (83%)  有效 177  失败 4222  山东教育
2026-09-10T08:48:30+00:00 INFO    [run=a45da53597d84b3292e09940663f71b8 phase=speed_test event=progress.updated] 测速  4431/5248 (84%)  有效 177  失败 4254  烟台新闻综合
2026-09-10T08:49:00+00:00 INFO    [run=a45da53597d84b3292e09940663f71b8 phase=speed_test event=progress.updated] 测速  4485/5248 (85%)  有效 180  失败 4305  安徽经济生活
2026-09-10T08:49:31+00:00 INFO    [run=a45da53597d84b3292e09940663f71b8 phase=speed_test event=progress.updated] 测速  4522/5248 (86%)  有效 183  失败 4339  吉林都市
2026-09-10T08:50:01+00:00 INFO    [run=a45da53597d84b3292e09940663f71b8 phase=speed_test event=progress.updated] 测速  4562/5248 (86%)  有效 184  失败 4378  梅河口综合
2026-09-10T08:50:31+00:00 INFO    [run=a45da53597d84b3292e09940663f71b8 phase=speed_test event=progress.updated] 测速  4624/5248 (88%)  有效 184  失败 4440  安多卫视
2026-09-10T08:51:02+00:00 INFO    [run=a45da53597d84b3292e09940663f71b8 phase=speed_test event=progress.updated] 测速  4667/5248 (88%)  有效 185  失败 4482  哈尔滨生活
2026-09-10T08:51:32+00:00 INFO    [run=a45da53597d84b3292e09940663f71b8 phase=speed_test event=progress.updated] 测速  4727/5248 (90%)  有效 185  失败 4542  2006年春晚
2026-09-10T08:52:04+00:00 INFO    [run=a45da53597d84b3292e09940663f71b8 phase=speed_test event=progress.updated] 测速  4802/5248 (91%)  有效 195  失败 4607  TVBS亚洲
2026-09-10T08:52:34+00:00 INFO    [run=a45da53597d84b3292e09940663f71b8 phase=speed_test event=progress.updated] 测速  4896/5248 (93%)  有效 203  失败 4693  CHC动作电影
2026-09-10T08:53:05+00:00 INFO    [run=a45da53597d84b3292e09940663f71b8 phase=speed_test event=progress.updated] 测速  4990/5248 (95%)  有效 207  失败 4783  超级体育
2026-09-10T08:53:35+00:00 INFO    [run=a45da53597d84b3292e09940663f71b8 phase=speed_test event=progress.updated] 测速  5067/5248 (96%)  有效 212  失败 4855  JJ斗地主
2026-09-10T08:54:05+00:00 INFO    [run=a45da53597d84b3292e09940663f71b8 phase=speed_test event=progress.updated] 测速  5123/5248 (97%)  有效 212  失败 4911  金鹰卡通
2026-09-10T08:54:36+00:00 INFO    [run=a45da53597d84b3292e09940663f71b8 phase=speed_test event=progress.updated] 测速  5176/5248 (98%)  有效 217  失败 4959  怀旧剧场
2026-09-10T08:55:06+00:00 INFO    [run=a45da53597d84b3292e09940663f71b8 phase=speed_test event=progress.updated] 测速  5248/5248 (100%)  有效 222  失败 5026  封神榜
2026-09-10T08:55:06+00:00 INFO    [run=a45da53597d84b3292e09940663f71b8 phase=speed_test event=progress.updated] 测速  5248/5248 (100%)  有效 222  失败 5027  封神榜
2026-09-10T08:55:06+00:00 INFO    [run=a45da53597d84b3292e09940663f71b8 phase=speed_test event=progress.updated] 测速  5248/5248 (100%)  有效 222  失败 5028  神探狄仁杰第一部
2026-09-10T08:55:06+00:00 INFO    [run=a45da53597d84b3292e09940663f71b8 phase=speed_test event=progress.updated] 测速  5248/5248 (100%)  有效 222  失败 5029  射雕英雄传
2026-09-10T08:55:07+00:00 INFO    [run=a45da53597d84b3292e09940663f71b8 phase=speed_test event=progress.updated] 测速  5248/5248 (100%)  有效 222  失败 5030  神探狄仁杰第二部
2026-09-10T08:55:08+00:00 INFO    [run=a45da53597d84b3292e09940663f71b8 phase=speed_test event=progress.updated] 测速  5248/5248 (100%)  有效 222  失败 5031  西游记
2026-09-10T08:55:09+00:00 INFO    [run=a45da53597d84b3292e09940663f71b8 phase=speed_test event=progress.updated] 测速  5248/5248 (100%)  有效 222  失败 5032  西游记
2026-09-10T08:55:09+00:00 INFO    [run=a45da53597d84b3292e09940663f71b8 phase=speed_test event=progress.updated] 测速  5248/5248 (100%)  有效 222  失败 5033  亮剑
2026-09-10T08:55:09+00:00 INFO    [run=a45da53597d84b3292e09940663f71b8 phase=speed_test event=progress.updated] 测速  5248/5248 (100%)  有效 222  失败 5034  亮剑
2026-09-10T08:55:09+00:00 INFO    [run=a45da53597d84b3292e09940663f71b8 phase=speed_test event=progress.updated] 测速  5248/5248 (100%)  有效 222  失败 5035  三国演义
2026-09-10T08:55:10+00:00 INFO    [run=a45da53597d84b3292e09940663f71b8 phase=speed_test event=progress.updated] 测速  5248/5248 (100%)  有效 222  失败 5036  亮剑
2026-09-10T08:55:10+00:00 INFO    [run=a45da53597d84b3292e09940663f71b8 phase=speed_test event=progress.updated] 测速  5248/5248 (100%)  有效 222  失败 5037  铁齿铜牙纪晓岚
2026-09-10T08:55:10+00:00 INFO    [run=a45da53597d84b3292e09940663f71b8 phase=speed_test event=progress.updated] 测速  5248/5248 (100%)  有效 222  失败 5038  封神榜
2026-09-10T08:55:11+00:00 INFO    [run=a45da53597d84b3292e09940663f71b8 phase=speed_test event=progress.updated] 测速  5248/5248 (100%)  有效 222  失败 5039  亮剑
2026-09-10T08:55:11+00:00 INFO    [run=a45da53597d84b3292e09940663f71b8 phase=speed_test event=progress.updated] 测速  5248/5248 (100%)  有效 222  失败 5040  康熙微服私访记
2026-09-10T08:55:11+00:00 INFO    [run=a45da53597d84b3292e09940663f71b8 phase=speed_test event=progress.updated] 测速  5248/5248 (100%)  有效 222  失败 5041  康熙微服私访记
2026-09-10T08:55:11+00:00 INFO    [run=a45da53597d84b3292e09940663f71b8 phase=speed_test event=progress.updated] 测速  5248/5248 (100%)  有效 222  失败 5042  天龙八部
2026-09-10T08:55:11+00:00 INFO    [run=a45da53597d84b3292e09940663f71b8 phase=speed_test event=progress.updated] 测速  5248/5248 (100%)  有效 222  失败 5043  亮剑
2026-09-10T08:55:11+00:00 INFO    [run=a45da53597d84b3292e09940663f71b8 phase=speed_test event=progress.updated] 测速  5248/5248 (100%)  有效 222  失败 5044  神探狄仁杰第二部
2026-09-10T08:55:11+00:00 INFO    [run=a45da53597d84b3292e09940663f71b8 phase=speed_test event=progress.updated] 测速  5248/5248 (100%)  有效 222  失败 5045  庆余年一
2026-09-10T08:55:11+00:00 INFO    [run=a45da53597d84b3292e09940663f71b8 phase=speed_test event=progress.updated] 测速  5248/5248 (100%)  有效 222  失败 5046  庆余年一
2026-09-10T08:55:15+00:00 INFO    [run=a45da53597d84b3292e09940663f71b8 phase=speed_test event=progress.updated] 测速  5248/5248 (100%)  有效 222  失败 5047  铁齿铜牙纪晓岚
2026-09-10T08:55:16+00:00 INFO    [run=a45da53597d84b3292e09940663f71b8 phase=speed_test event=progress.updated] 测速  5248/5248 (100%)  有效 222  失败 5048  神探狄仁杰第一部
2026-09-10T08:55:17+00:00 INFO    [run=a45da53597d84b3292e09940663f71b8 phase=speed_test event=progress.updated] 测速  5248/5248 (100%)  有效 222  失败 5049  神探狄仁杰第三部
2026-09-10T08:55:17+00:00 INFO    [run=a45da53597d84b3292e09940663f71b8 phase=speed_test event=speed_test.artifacts_written] 测速明细已写入 output/log/speed_test.log，有效结果已写入 output/log/result.log
2026-09-10T08:55:17+00:00 INFO    [run=a45da53597d84b3292e09940663f71b8 phase=speed_test event=progress.finished] 测速  5248/5248  有效 222  失败 5049
2026-09-10T08:55:17+00:00 INFO    [run=a45da53597d84b3292e09940663f71b8 phase=output event=output.written] 结果文件生成完成：更新 3 个文件
2026-09-10T08:55:18+00:00 INFO    [run=a45da53597d84b3292e09940663f71b8 phase=statistics event=statistics.finished] 频道统计完成：测试 5271，有效 222
2026-09-10T08:55:18+00:00 INFO    [run=a45da53597d84b3292e09940663f71b8 phase=complete event=run.summary] 更新摘要
2026-09-10T08:55:18+00:00 INFO    [run=a45da53597d84b3292e09940663f71b8 phase=complete event=run.finished] 更新完成！总耗时：54:02
